Archive member included to satisfy reference by file (symbol)

/home/pdsilva/.pico-sdk/toolchain/13_3_Rel1/bin/../lib/gcc/arm-none-eabi/13.3.1/thumb/v6-m/nofp/libgcc.a(_dvmd_tls.o)
                              CMakeFiles/hello_pio.dir/home/pdsilva/.pico-sdk/sdk/2.1.0/src/rp2_common/pico_divider/divider_hardware.S.o (__aeabi_idiv0)
/home/pdsilva/.pico-sdk/toolchain/13_3_Rel1/bin/../lib/gcc/arm-none-eabi/13.3.1/../../../../arm-none-eabi/lib/thumb/v6-m/nofp/libg.a(libc_a-strlen-stub.o)
                              CMakeFiles/hello_pio.dir/home/pdsilva/.pico-sdk/sdk/2.1.0/src/rp2_common/pico_stdio/stdio.c.o (strlen)
/home/pdsilva/.pico-sdk/toolchain/13_3_Rel1/bin/../lib/gcc/arm-none-eabi/13.3.1/../../../../arm-none-eabi/lib/thumb/v6-m/nofp/libg.a(libc_a-malloc.o)
                              CMakeFiles/hello_pio.dir/home/pdsilva/.pico-sdk/sdk/2.1.0/src/rp2_common/pico_malloc/malloc.c.o (malloc)
/home/pdsilva/.pico-sdk/toolchain/13_3_Rel1/bin/../lib/gcc/arm-none-eabi/13.3.1/../../../../arm-none-eabi/lib/thumb/v6-m/nofp/libg.a(libc_a-mallocr.o)
                              /home/pdsilva/.pico-sdk/toolchain/13_3_Rel1/bin/../lib/gcc/arm-none-eabi/13.3.1/../../../../arm-none-eabi/lib/thumb/v6-m/nofp/libg.a(libc_a-malloc.o) (_malloc_r)
/home/pdsilva/.pico-sdk/toolchain/13_3_Rel1/bin/../lib/gcc/arm-none-eabi/13.3.1/../../../../arm-none-eabi/lib/thumb/v6-m/nofp/libg.a(libc_a-lcltime_r.o)
                              CMakeFiles/hello_pio.dir/home/pdsilva/.pico-sdk/sdk/2.1.0/src/common/pico_util/datetime.c.o (localtime_r)
/home/pdsilva/.pico-sdk/toolchain/13_3_Rel1/bin/../lib/gcc/arm-none-eabi/13.3.1/../../../../arm-none-eabi/lib/thumb/v6-m/nofp/libg.a(libc_a-sbrkr.o)
                              /home/pdsilva/.pico-sdk/toolchain/13_3_Rel1/bin/../lib/gcc/arm-none-eabi/13.3.1/../../../../arm-none-eabi/lib/thumb/v6-m/nofp/libg.a(libc_a-mallocr.o) (_sbrk_r)
/home/pdsilva/.pico-sdk/toolchain/13_3_Rel1/bin/../lib/gcc/arm-none-eabi/13.3.1/../../../../arm-none-eabi/lib/thumb/v6-m/nofp/libg.a(libc_a-mktime.o)
                              CMakeFiles/hello_pio.dir/home/pdsilva/.pico-sdk/sdk/2.1.0/src/common/pico_util/datetime.c.o (mktime)
/home/pdsilva/.pico-sdk/toolchain/13_3_Rel1/bin/../lib/gcc/arm-none-eabi/13.3.1/../../../../arm-none-eabi/lib/thumb/v6-m/nofp/libg.a(libc_a-month_lengths.o)
                              /home/pdsilva/.pico-sdk/toolchain/13_3_Rel1/bin/../lib/gcc/arm-none-eabi/13.3.1/../../../../arm-none-eabi/lib/thumb/v6-m/nofp/libg.a(libc_a-lcltime_r.o) (__month_lengths)
/home/pdsilva/.pico-sdk/toolchain/13_3_Rel1/bin/../lib/gcc/arm-none-eabi/13.3.1/../../../../arm-none-eabi/lib/thumb/v6-m/nofp/libg.a(libc_a-tzcalc_limits.o)
                              /home/pdsilva/.pico-sdk/toolchain/13_3_Rel1/bin/../lib/gcc/arm-none-eabi/13.3.1/../../../../arm-none-eabi/lib/thumb/v6-m/nofp/libg.a(libc_a-lcltime_r.o) (__tzcalc_limits)
/home/pdsilva/.pico-sdk/toolchain/13_3_Rel1/bin/../lib/gcc/arm-none-eabi/13.3.1/../../../../arm-none-eabi/lib/thumb/v6-m/nofp/libg.a(libc_a-tzlock.o)
                              /home/pdsilva/.pico-sdk/toolchain/13_3_Rel1/bin/../lib/gcc/arm-none-eabi/13.3.1/../../../../arm-none-eabi/lib/thumb/v6-m/nofp/libg.a(libc_a-lcltime_r.o) (__tz_lock)
/home/pdsilva/.pico-sdk/toolchain/13_3_Rel1/bin/../lib/gcc/arm-none-eabi/13.3.1/../../../../arm-none-eabi/lib/thumb/v6-m/nofp/libg.a(libc_a-tzset.o)
                              /home/pdsilva/.pico-sdk/toolchain/13_3_Rel1/bin/../lib/gcc/arm-none-eabi/13.3.1/../../../../arm-none-eabi/lib/thumb/v6-m/nofp/libg.a(libc_a-lcltime_r.o) (_tzset_unlocked)
/home/pdsilva/.pico-sdk/toolchain/13_3_Rel1/bin/../lib/gcc/arm-none-eabi/13.3.1/../../../../arm-none-eabi/lib/thumb/v6-m/nofp/libg.a(libc_a-mlock.o)
                              /home/pdsilva/.pico-sdk/toolchain/13_3_Rel1/bin/../lib/gcc/arm-none-eabi/13.3.1/../../../../arm-none-eabi/lib/thumb/v6-m/nofp/libg.a(libc_a-mallocr.o) (__malloc_lock)
/home/pdsilva/.pico-sdk/toolchain/13_3_Rel1/bin/../lib/gcc/arm-none-eabi/13.3.1/../../../../arm-none-eabi/lib/thumb/v6-m/nofp/libg.a(libc_a-calloc.o)
                              CMakeFiles/hello_pio.dir/home/pdsilva/.pico-sdk/sdk/2.1.0/src/rp2_common/pico_malloc/malloc.c.o (calloc)
/home/pdsilva/.pico-sdk/toolchain/13_3_Rel1/bin/../lib/gcc/arm-none-eabi/13.3.1/../../../../arm-none-eabi/lib/thumb/v6-m/nofp/libg.a(libc_a-memcmp.o)
                              CMakeFiles/hello_pio.dir/home/pdsilva/.pico-sdk/sdk/2.1.0/src/rp2_common/pico_atomic/atomic.c.o (memcmp)
/home/pdsilva/.pico-sdk/toolchain/13_3_Rel1/bin/../lib/gcc/arm-none-eabi/13.3.1/../../../../arm-none-eabi/lib/thumb/v6-m/nofp/libg.a(libc_a-callocr.o)
                              /home/pdsilva/.pico-sdk/toolchain/13_3_Rel1/bin/../lib/gcc/arm-none-eabi/13.3.1/../../../../arm-none-eabi/lib/thumb/v6-m/nofp/libg.a(libc_a-calloc.o) (_calloc_r)
/home/pdsilva/.pico-sdk/toolchain/13_3_Rel1/bin/../lib/gcc/arm-none-eabi/13.3.1/../../../../arm-none-eabi/lib/thumb/v6-m/nofp/libg.a(libc_a-div.o)
[...]
Memory Configuration

Name             Origin             Length             Attributes
FLASH            0x10000000         0x00200000         xr
RAM              0x20000000         0x00040000         xrw
SCRATCH_X        0x20040000         0x00001000         xrw
SCRATCH_Y        0x20041000         0x00001000         xrw
*default*        0x00000000         0xffffffff

Linker script and memory map

LOAD /home/pdsilva/.pico-sdk/toolchain/13_3_Rel1/bin/../lib/gcc/arm-none-eabi/13.3.1/thumb/v6-m/nofp/crti.o
LOAD /home/pdsilva/.pico-sdk/toolchain/13_3_Rel1/bin/../lib/gcc/arm-none-eabi/13.3.1/thumb/v6-m/nofp/crtbegin.o
LOAD /home/pdsilva/.pico-sdk/toolchain/13_3_Rel1/bin/../lib/gcc/arm-none-eabi/13.3.1/../../../../arm-none-eabi/lib/thumb/v6-m/nofp/crt0.o

.flash_begin    0x10000000        0x0
                0x10000000                        __flash_binary_start = .

.boot2          0x10000000      0x100
                0x10000000                        __boot2_start__ = .
 *(.boot2)
 .boot2         0x10000000      0x100 pico-sdk/src/rp2040/boot_stage2/CMakeFiles/bs2_default_library.dir/./bs2_default_padded_checksummed.S.o
                0x10000100                        __boot2_end__ = .
                0x00000001                        ASSERT (((__boot2_end__ - __boot2_start__) == 0x100), ERROR: Pico second stage bootloader must be 256 bytes in size)

.text           0x10000100     0x4020
                0x10000100                        __logical_binary_start = .
 *(.vectors)
 .vectors       0x10000100       0xd4 CMakeFiles/hello_pio.dir/home/pdsilva/.pico-sdk/sdk/2.1.0/src/rp2_common/pico_crt0/crt0.S.o
                0x10000100                __vectors
                0x10000100                __VECTOR_TABLE
                0x100001c0                isr_invalid
                0x100001c0                __default_isrs_start
                0x100001c2                isr_nmi
                0x100001c4                isr_hardfault
                0x100001c6                isr_svcall
                0x100001c8                isr_pendsv
                0x100001ca                isr_systick
                0x100001cc                isr_irq30
                0x100001cc                __unhandled_user_irq
                0x100001cc                isr_irq13
                0x100001cc                isr_irq27
                0x100001cc                isr_irq31
                0x100001cc                isr_irq5
                0x100001cc                isr_irq11
                0x100001cc                isr_irq23
                0x100001cc                isr_irq18
                0x100001cc                isr_irq28
                0x100001cc                isr_irq19
                0x100001cc                isr_irq0
                0x100001cc                isr_irq6
                0x100001cc                isr_irq22
                0x100001cc                isr_irq17
                0x100001cc                isr_irq14
                0x100001cc                isr_irq2
                0x100001cc                isr_irq10
                0x100001cc                isr_irq8
                0x100001cc                isr_irq24
                0x100001cc                isr_irq1
                0x100001cc                isr_irq7
                0x100001cc                isr_irq21
                0x100001cc                isr_irq20
                0x100001cc                isr_irq15
                0x100001cc                isr_irq25
                0x100001cc                isr_irq4
                0x100001cc                isr_irq16
                0x100001cc                isr_irq29
                0x100001cc                isr_irq26
                0x100001cc                __default_isrs_end
                0x100001cc                isr_irq3
                0x100001cc                isr_irq12
                0x100001cc                isr_irq9
                0x100001d2                unhandled_user_irq_num_in_r0
 *(.binary_info_header)
 .binary_info_header
                0x100001d4       0x14 CMakeFiles/hello_pio.dir/home/pdsilva/.pico-sdk/sdk/2.1.0/src/rp2_common/pico_crt0/crt0.S.o
                0x100001e8                        __binary_info_header_end = .
 *(.embedded_block)
                0x100001e8                        __embedded_block_end = .
 *(.reset)
 .reset         0x100001e8       0x9c CMakeFiles/hello_pio.dir/home/pdsilva/.pico-sdk/sdk/2.1.0/src/rp2_common/pico_crt0/crt0.S.o
                0x100001e8                _entry_point
 *(.init)
 .init          0x10000284        0x4 /home/pdsilva/.pico-sdk/toolchain/13_3_Rel1/bin/../lib/gcc/arm-none-eabi/13.3.1/thumb/v6-m/nofp/crti.o
                0x10000284                _init
 *(EXCLUDE_FILE(*libm.a: *libc.a:*lib_a-mem*.o *libgcc.a:) .text*)
 .text.register_tm_clones
                0x10000288       0x28 /home/pdsilva/.pico-sdk/toolchain/13_3_Rel1/bin/../lib/gcc/arm-none-eabi/13.3.1/thumb/v6-m/nofp/crtbegin.o
 .text.frame_dummy
                0x100002b0       0x24 /home/pdsilva/.pico-sdk/toolchain/13_3_Rel1/bin/../lib/gcc/arm-none-eabi/13.3.1/thumb/v6-m/nofp/crtbegin.o
 .text.startup.main
                0x100002d4      0x158 CMakeFiles/hello_pio.dir/hello.c.o
                0x100002d4                main
 .text.gpio_set_function
                0x1000042c       0x34 CMakeFiles/hello_pio.dir/home/pdsilva/.pico-sdk/sdk/2.1.0/src/rp2_common/hardware_gpio/gpio.c.o
                0x1000042c                gpio_set_function
 .text.panic    0x10000460       0x30 CMakeFiles/hello_pio.dir/home/pdsilva/.pico-sdk/sdk/2.1.0/src/rp2_common/pico_platform_panic/panic.c.o
                0x10000460                panic
 .text.hw_claim_lock
                0x10000490       0x18 CMakeFiles/hello_pio.dir/home/pdsilva/.pico-sdk/sdk/2.1.0/src/common/hardware_claim/claim.c.o
                0x10000490                hw_claim_lock
 .text.hw_claim_unlock
                0x100004a8       0x14 CMakeFiles/hello_pio.dir/home/pdsilva/.pico-sdk/sdk/2.1.0/src/common/hardware_claim/claim.c.o
                0x100004a8                hw_claim_unlock
 .text.hw_claim_or_assert
                0x100004bc       0x44 CMakeFiles/hello_pio.dir/home/pdsilva/.pico-sdk/sdk/2.1.0/src/common/hardware_claim/claim.c.o
                0x100004bc                hw_claim_or_assert
 .text.hw_claim_unused_from_range
                0x10000500       0x9c CMakeFiles/hello_pio.dir/home/pdsilva/.pico-sdk/sdk/2.1.0/src/common/hardware_claim/claim.c.o
                0x10000500                hw_claim_unused_from_range
 .text.hw_claim_clear
                0x1000059c       0x38 CMakeFiles/hello_pio.dir/home/pdsilva/.pico-sdk/sdk/2.1.0/src/common/hardware_claim/claim.c.o
                0x1000059c                hw_claim_clear
 .text.next_striped_spin_lock_num
                0x100005d4       0x18 CMakeFiles/hello_pio.dir/home/pdsilva/.pico-sdk/sdk/2.1.0/src/rp2_common/hardware_sync/sync.c.o
                0x100005d4                next_striped_spin_lock_num
 .text.spin_locks_reset
                0x100005ec       0x1c CMakeFiles/hello_pio.dir/home/pdsilva/.pico-sdk/sdk/2.1.0/src/rp2_common/hardware_sync_spin_lock/sync_spin_lock.c.o
                0x100005ec                spin_locks_reset
 .text.runtime_init_per_core_irq_priorities
                0x10000608       0x24 CMakeFiles/hello_pio.dir/home/pdsilva/.pico-sdk/sdk/2.1.0/src/rp2_common/hardware_irq/irq.c.o
                0x10000608                runtime_init_per_core_irq_priorities
 .text.irq_set_enabled
                0x1000062c       0x24 CMakeFiles/hello_pio.dir/home/pdsilva/.pico-sdk/sdk/2.1.0/src/rp2_common/hardware_irq/irq.c.o
                0x1000062c                irq_set_enabled
 .text.irq_set_exclusive_handler
                0x10000650       0x54 CMakeFiles/hello_pio.dir/home/pdsilva/.pico-sdk/sdk/2.1.0/src/rp2_common/hardware_irq/irq.c.o
                0x10000650                irq_set_exclusive_handler
 .text.lock_init
                0x100006a4       0x10 CMakeFiles/hello_pio.dir/home/pdsilva/.pico-sdk/sdk/2.1.0/src/common/pico_sync/lock_core.c.o
                0x100006a4                lock_init
 .text.runtime_init_mutex
                0x100006b4       0x50 CMakeFiles/hello_pio.dir/home/pdsilva/.pico-sdk/sdk/2.1.0/src/common/pico_sync/mutex.c.o
                0x100006b4                runtime_init_mutex
 .text.sleep_until_callback
                0x10000704       0x30 CMakeFiles/hello_pio.dir/home/pdsilva/.pico-sdk/sdk/2.1.0/src/common/pico_time/time.c.o
 .text.alarm_pool_irq_handler
                0x10000734      0x2fc CMakeFiles/hello_pio.dir/home/pdsilva/.pico-sdk/sdk/2.1.0/src/common/pico_time/time.c.o
 .text.runtime_init_default_alarm_pool
                0x10000a30       0xdc CMakeFiles/hello_pio.dir/home/pdsilva/.pico-sdk/sdk/2.1.0/src/common/pico_time/time.c.o
                0x10000a30                runtime_init_default_alarm_pool
 .text.alarm_pool_add_alarm_at_force_in_context
                0x10000b0c       0xb0 CMakeFiles/hello_pio.dir/home/pdsilva/.pico-sdk/sdk/2.1.0/src/common/pico_time/time.c.o
                0x10000b0c                alarm_pool_add_alarm_at_force_in_context
 .text.alarm_pool_cancel_alarm
                0x10000bbc       0x74 CMakeFiles/hello_pio.dir/home/pdsilva/.pico-sdk/sdk/2.1.0/src/common/pico_time/time.c.o
                0x10000bbc                alarm_pool_cancel_alarm
 .text.sleep_until
                0x10000c30       0xd8 CMakeFiles/hello_pio.dir/home/pdsilva/.pico-sdk/sdk/2.1.0/src/common/pico_time/time.c.o
                0x10000c30                sleep_until
 .text.sleep_ms
                0x10000d08       0x38 CMakeFiles/hello_pio.dir/home/pdsilva/.pico-sdk/sdk/2.1.0/src/common/pico_time/time.c.o
                0x10000d08                sleep_ms
 .text.best_effort_wfe_or_timeout
                0x10000d40       0xe0 CMakeFiles/hello_pio.dir/home/pdsilva/.pico-sdk/sdk/2.1.0/src/common/pico_time/time.c.o
                0x10000d40                best_effort_wfe_or_timeout
 .text.timer_hardware_alarm_claim
                0x10000e20       0x14 CMakeFiles/hello_pio.dir/home/pdsilva/.pico-sdk/sdk/2.1.0/src/rp2_common/hardware_timer/timer.c.o
                0x10000e20                timer_hardware_alarm_claim
 .text.timer_time_us_64
                0x10000e34       0x10 CMakeFiles/hello_pio.dir/home/pdsilva/.pico-sdk/sdk/2.1.0/src/rp2_common/hardware_timer/timer.c.o
                0x10000e34                timer_time_us_64
 .text.time_us_64
                0x10000e44       0x14 CMakeFiles/hello_pio.dir/home/pdsilva/.pico-sdk/sdk/2.1.0/src/rp2_common/hardware_timer/timer.c.o
                0x10000e44                time_us_64
 .text.busy_wait_us
                0x10000e58       0x68 CMakeFiles/hello_pio.dir/home/pdsilva/.pico-sdk/sdk/2.1.0/src/rp2_common/hardware_timer/timer.c.o
                0x10000e58                busy_wait_us
 .text.busy_wait_until
                0x10000ec0       0x20 CMakeFiles/hello_pio.dir/home/pdsilva/.pico-sdk/sdk/2.1.0/src/rp2_common/hardware_timer/timer.c.o
                0x10000ec0                busy_wait_until
 .text.clock_configure_int_divider
                0x10000ee0       0xf4 CMakeFiles/hello_pio.dir/home/pdsilva/.pico-sdk/sdk/2.1.0/src/rp2_common/hardware_clocks/clocks.c.o
                0x10000ee0                clock_configure_int_divider
 .text.clock_configure_undivided
                0x10000fd4       0xe8 CMakeFiles/hello_pio.dir/home/pdsilva/.pico-sdk/sdk/2.1.0/src/rp2_common/hardware_clocks/clocks.c.o
                0x10000fd4                clock_configure_undivided
 .text.clock_get_hz
                0x100010bc        0xc CMakeFiles/hello_pio.dir/home/pdsilva/.pico-sdk/sdk/2.1.0/src/rp2_common/hardware_clocks/clocks.c.o
                0x100010bc                clock_get_hz
 .text.pll_init
                0x100010c8       0xa4 CMakeFiles/hello_pio.dir/home/pdsilva/.pico-sdk/sdk/2.1.0/src/rp2_common/hardware_pll/pll.c.o
                0x100010c8                pll_init
 .text.tick_start
                0x1000116c       0x10 CMakeFiles/hello_pio.dir/home/pdsilva/.pico-sdk/sdk/2.1.0/src/rp2_common/hardware_ticks/ticks.c.o
                0x1000116c                tick_start
 .text.rom_func_lookup
                0x1000117c       0x10 CMakeFiles/hello_pio.dir/home/pdsilva/.pico-sdk/sdk/2.1.0/src/rp2_common/pico_bootrom/bootrom.c.o
                0x1000117c                rom_func_lookup
 .text.rom_data_lookup
                0x1000118c       0x10 CMakeFiles/hello_pio.dir/home/pdsilva/.pico-sdk/sdk/2.1.0/src/rp2_common/pico_bootrom/bootrom.c.o
                0x1000118c                rom_data_lookup
 .text.rom_funcs_lookup
                0x1000119c       0x44 CMakeFiles/hello_pio.dir/home/pdsilva/.pico-sdk/sdk/2.1.0/src/rp2_common/pico_bootrom/bootrom.c.o
                0x1000119c                rom_funcs_lookup
 .text.xosc_init
                0x100011e0       0x28 CMakeFiles/hello_pio.dir/home/pdsilva/.pico-sdk/sdk/2.1.0/src/rp2_common/hardware_xosc/xosc.c.o
                0x100011e0                xosc_init
 .text.first_per_core_initializer
                0x10001208        0x4 CMakeFiles/hello_pio.dir/home/pdsilva/.pico-sdk/sdk/2.1.0/src/rp2_common/pico_runtime/runtime.c.o
 .text.hard_assertion_failure
                0x1000120c        0xc CMakeFiles/hello_pio.dir/home/pdsilva/.pico-sdk/sdk/2.1.0/src/rp2_common/pico_runtime/runtime.c.o
                0x1000120c                hard_assertion_failure
 .text.runtime_run_initializers
                0x10001218       0x28 CMakeFiles/hello_pio.dir/home/pdsilva/.pico-sdk/sdk/2.1.0/src/rp2_common/pico_runtime/runtime.c.o
                0x10001218                runtime_run_initializers
 .text.runtime_init_early_resets
                0x10001240       0x2c CMakeFiles/hello_pio.dir/home/pdsilva/.pico-sdk/sdk/2.1.0/src/rp2_common/pico_runtime_init/runtime_init.c.o
                0x10001240                runtime_init_early_resets
 .text.runtime_init_usb_power_down
                0x1000126c       0x1c CMakeFiles/hello_pio.dir/home/pdsilva/.pico-sdk/sdk/2.1.0/src/rp2_common/pico_runtime_init/runtime_init.c.o
                0x1000126c                runtime_init_usb_power_down
 .text.runtime_init_post_clock_resets
                0x10001288       0x20 CMakeFiles/hello_pio.dir/home/pdsilva/.pico-sdk/sdk/2.1.0/src/rp2_common/pico_runtime_init/runtime_init.c.o
                0x10001288                runtime_init_post_clock_resets
 .text.runtime_init_rp2040_gpio_ie_disable
                0x100012a8       0x14 CMakeFiles/hello_pio.dir/home/pdsilva/.pico-sdk/sdk/2.1.0/src/rp2_common/pico_runtime_init/runtime_init.c.o
                0x100012a8                runtime_init_rp2040_gpio_ie_disable
 .text.runtime_init_spin_locks_reset
                0x100012bc        0x8 CMakeFiles/hello_pio.dir/home/pdsilva/.pico-sdk/sdk/2.1.0/src/rp2_common/pico_runtime_init/runtime_init.c.o
                0x100012bc                runtime_init_spin_locks_reset
 .text.runtime_init_install_ram_vector_table
                0x100012c4       0x1c CMakeFiles/hello_pio.dir/home/pdsilva/.pico-sdk/sdk/2.1.0/src/rp2_common/pico_runtime_init/runtime_init.c.o
                0x100012c4                runtime_init_install_ram_vector_table
 .text.runtime_init_clocks
                0x100012e0       0xd8 CMakeFiles/hello_pio.dir/home/pdsilva/.pico-sdk/sdk/2.1.0/src/rp2_common/pico_runtime_init/runtime_init_clocks.c.o
                0x100012e0                runtime_init_clocks
 .text          0x100013b8       0x10 CMakeFiles/hello_pio.dir/home/pdsilva/.pico-sdk/sdk/2.1.0/src/rp2_common/pico_bit_ops/bit_ops_aeabi.S.o
 .text.__wrap___aeabi_idiv
                0x100013c8       0x50 CMakeFiles/hello_pio.dir/home/pdsilva/.pico-sdk/sdk/2.1.0/src/rp2_common/pico_divider/divider_hardware.S.o
                0x100013c8                __wrap___aeabi_idivmod
                0x100013c8                divmod_s32s32
                0x100013c8                div_s32s32
                0x100013c8                __wrap___aeabi_idiv
                0x100013d0                divmod_s32s32_unsafe
                0x100013fc                divmod_s32s32_savestate
 .text.__wrap___aeabi_uidiv
                0x10001418       0x4c CMakeFiles/hello_pio.dir/home/pdsilva/.pico-sdk/sdk/2.1.0/src/rp2_common/pico_divider/divider_hardware.S.o
                0x10001418                __wrap___aeabi_uidiv
                0x10001418                __wrap___aeabi_uidivmod
                0x10001418                div_u32u32
                0x10001418                divmod_u32u32
                0x10001420                divmod_u32u32_unsafe
                0x10001448                divmod_u32u32_savestate
 .text.__wrap___aeabi_ldiv
                0x10001464      0x424 CMakeFiles/hello_pio.dir/home/pdsilva/.pico-sdk/sdk/2.1.0/src/rp2_common/pico_divider/divider_hardware.S.o
                0x10001464                div_s64s64
                0x10001464                divmod_s64s64
                0x10001464                __wrap___aeabi_ldivmod
                0x10001494                div_u64u64
                0x10001494                divmod_u64u64
                0x10001494                __wrap___aeabi_uldivmod
                0x100014a4                divmod_u64u64_savestate
                0x100014c4                divmod_s64s64_unsafe
                0x1000154c                divmod_u64u64_unsafe
 .text.__wrap___aeabi_darithmetic
                0x10001888       0x80 CMakeFiles/hello_pio.dir/home/pdsilva/.pico-sdk/sdk/2.1.0/src/rp2_common/pico_double/double_aeabi_rp2040.S.o
                0x10001888                __wrap___aeabi_drsub
                0x1000188e                __wrap___aeabi_dsub
                0x100018a0                __wrap___aeabi_dadd
                0x100018b2                __wrap___aeabi_ddiv
                0x100018ee                __wrap___aeabi_dmul
 .text.__wrap___aeabi_cdcmple
                0x10001908       0x6c CMakeFiles/hello_pio.dir/home/pdsilva/.pico-sdk/sdk/2.1.0/src/rp2_common/pico_double/double_aeabi_rp2040.S.o
                0x10001908                __wrap___aeabi_cdrcmple
                0x10001918                __wrap___aeabi_cdcmple
                0x10001918                __wrap___aeabi_cdcmpeq
 .text.__wrap___aeabi_dcmplt
                0x10001974        0xc CMakeFiles/hello_pio.dir/home/pdsilva/.pico-sdk/sdk/2.1.0/src/rp2_common/pico_double/double_aeabi_rp2040.S.o
                0x10001974                __wrap___aeabi_dcmplt
 .text.__wrap___aeabi_dcmpge
                0x10001980       0x10 CMakeFiles/hello_pio.dir/home/pdsilva/.pico-sdk/sdk/2.1.0/src/rp2_common/pico_double/double_aeabi_rp2040.S.o
                0x10001980                __wrap___aeabi_dcmpge
 .text.__wrap___aeabi_dcmpgt
                0x10001990        0xa CMakeFiles/hello_pio.dir/home/pdsilva/.pico-sdk/sdk/2.1.0/src/rp2_common/pico_double/double_aeabi_rp2040.S.o
                0x10001990                __wrap___aeabi_dcmpgt
 .text.__wrap___aeabi_dcmpun
                0x1000199a       0x18 CMakeFiles/hello_pio.dir/home/pdsilva/.pico-sdk/sdk/2.1.0/src/rp2_common/pico_double/double_aeabi_rp2040.S.o
                0x1000199a                __wrap___aeabi_dcmpun
 *fill*         0x100019b2        0x2 
 .text.__wrap___aeabi_i2d
                0x100019b4       0x38 CMakeFiles/hello_pio.dir/home/pdsilva/.pico-sdk/sdk/2.1.0/src/rp2_common/pico_double/double_aeabi_rp2040.S.o
                0x100019b4                __wrap___aeabi_ui2d
                0x100019bc                __wrap___aeabi_i2d
 .text.__wrap___aeabi_d2iz
                0x100019ec       0x48 CMakeFiles/hello_pio.dir/home/pdsilva/.pico-sdk/sdk/2.1.0/src/rp2_common/pico_double/double_aeabi_rp2040.S.o
                0x100019ec                __wrap___aeabi_d2iz
                0x100019ec                double2int_z
 .text.__wrap___aeabi_d2uiz
                0x10001a34       0x18 CMakeFiles/hello_pio.dir/home/pdsilva/.pico-sdk/sdk/2.1.0/src/rp2_common/pico_double/double_aeabi_rp2040.S.o
                0x10001a34                double2uint
                0x10001a34                __wrap___aeabi_d2uiz
 .text.__aeabi_double_init
                0x10001a4c       0xa4 CMakeFiles/hello_pio.dir/home/pdsilva/.pico-sdk/sdk/2.1.0/src/rp2_common/pico_double/double_init_rom_rp2040.c.o
                0x10001a4c                __aeabi_double_init
 .text.double_table_shim_on_use_helper
                0x10001af0       0x2c CMakeFiles/hello_pio.dir/home/pdsilva/.pico-sdk/sdk/2.1.0/src/rp2_common/pico_double/double_v1_rom_shim_rp2040.S.o
                0x10001af0                double_table_shim_on_use_helper
 .text.__wrap___aeabi_dsub
                0x10001b1c       0x10 CMakeFiles/hello_pio.dir/home/pdsilva/.pico-sdk/sdk/2.1.0/src/rp2_common/pico_double/double_v1_rom_shim_rp2040.S.o
                0x10001b1c                drsub_shim
                0x10001b22                dsub_shim
 .text.dadd_shim
                0x10001b2c      0x15c CMakeFiles/hello_pio.dir/home/pdsilva/.pico-sdk/sdk/2.1.0/src/rp2_common/pico_double/double_v1_rom_shim_rp2040.S.o
                0x10001b2c                dadd_shim
 .text.dmul_shim
                0x10001c88      0x15c CMakeFiles/hello_pio.dir/home/pdsilva/.pico-sdk/sdk/2.1.0/src/rp2_common/pico_double/double_v1_rom_shim_rp2040.S.o
                0x10001c88                dmul_shim
 .text.ddiv_shim
                0x10001de4      0x1b0 CMakeFiles/hello_pio.dir/home/pdsilva/.pico-sdk/sdk/2.1.0/src/rp2_common/pico_double/double_v1_rom_shim_rp2040.S.o
                0x10001de4                ddiv_shim
 .text.double2uint_shim
                0x10001f94        0xe CMakeFiles/hello_pio.dir/home/pdsilva/.pico-sdk/sdk/2.1.0/src/rp2_common/pico_double/double_v1_rom_shim_rp2040.S.o
                0x10001f94                double2uint_shim
                0x10001f96                double2ufix_shim
 *fill*         0x10001fa2        0x2 
 .text.double2uint64_shim
                0x10001fa4       0x70 CMakeFiles/hello_pio.dir/home/pdsilva/.pico-sdk/sdk/2.1.0/src/rp2_common/pico_double/double_v1_rom_shim_rp2040.S.o
                0x10001fa4                double2uint64_shim
                0x10001fa6                double2ufix64_shim
                0x10001fc6                d2fix_a
 .text.dunpacks
                0x10002014       0x3c CMakeFiles/hello_pio.dir/home/pdsilva/.pico-sdk/sdk/2.1.0/src/rp2_common/pico_double/double_v1_rom_shim_rp2040.S.o
                0x10002014                dunpacks
 .text.__aeabi_lmul
                0x10002050       0x32 CMakeFiles/hello_pio.dir/home/pdsilva/.pico-sdk/sdk/2.1.0/src/rp2_common/pico_int64_ops/pico_int64_ops_aeabi.S.o
                0x10002050                __wrap___aeabi_lmul
 *fill*         0x10002082        0x2 
 .text.__aeabi_float_init
                0x10002084       0x64 CMakeFiles/hello_pio.dir/home/pdsilva/.pico-sdk/sdk/2.1.0/src/rp2_common/pico_float/float_init_rom_rp2040.c.o
                0x10002084                __aeabi_float_init
 .text.float_table_shim_on_use_helper
                0x100020e8       0x2c CMakeFiles/hello_pio.dir/home/pdsilva/.pico-sdk/sdk/2.1.0/src/rp2_common/pico_float/float_v1_rom_shim_rp2040.S.o
                0x100020e8                float_table_shim_on_use_helper
 .text          0x10002114       0x10 CMakeFiles/hello_pio.dir/home/pdsilva/.pico-sdk/sdk/2.1.0/src/rp2_common/pico_mem_ops/mem_ops_aeabi.S.o
                0x10002114                __aeabi_mem_init
 .text.memcpy   0x10002124        0xc CMakeFiles/hello_pio.dir/home/pdsilva/.pico-sdk/sdk/2.1.0/src/rp2_common/pico_mem_ops/mem_ops_aeabi.S.o
                0x10002124                __wrap___aeabi_memcpy
                0x10002124                __wrap_memcpy
 .text._out_null
                0x10002130        0x4 CMakeFiles/hello_pio.dir/home/pdsilva/.pico-sdk/sdk/2.1.0/src/rp2_common/pico_printf/printf.c.o
 .text._out_rev
                0x10002134       0xac CMakeFiles/hello_pio.dir/home/pdsilva/.pico-sdk/sdk/2.1.0/src/rp2_common/pico_printf/printf.c.o
 .text._ntoa_format
                0x100021e0      0x250 CMakeFiles/hello_pio.dir/home/pdsilva/.pico-sdk/sdk/2.1.0/src/rp2_common/pico_printf/printf.c.o
 .text._out_char
                0x10002430       0x10 CMakeFiles/hello_pio.dir/home/pdsilva/.pico-sdk/sdk/2.1.0/src/rp2_common/pico_printf/printf.c.o
 .text._out_fct
                0x10002440       0x10 CMakeFiles/hello_pio.dir/home/pdsilva/.pico-sdk/sdk/2.1.0/src/rp2_common/pico_printf/printf.c.o
 .text._etoa    0x10002450      0x464 CMakeFiles/hello_pio.dir/home/pdsilva/.pico-sdk/sdk/2.1.0/src/rp2_common/pico_printf/printf.c.o
 .text._ftoa    0x100028b4      0x3c0 CMakeFiles/hello_pio.dir/home/pdsilva/.pico-sdk/sdk/2.1.0/src/rp2_common/pico_printf/printf.c.o
 .text._vsnprintf
                0x10002c74      0xbc8 CMakeFiles/hello_pio.dir/home/pdsilva/.pico-sdk/sdk/2.1.0/src/rp2_common/pico_printf/printf.c.o
 .text.vfctprintf
                0x1000383c       0x20 CMakeFiles/hello_pio.dir/home/pdsilva/.pico-sdk/sdk/2.1.0/src/rp2_common/pico_printf/printf.c.o
                0x1000383c                vfctprintf
 .text.weak_raw_vprintf
                0x1000385c       0x30 CMakeFiles/hello_pio.dir/home/pdsilva/.pico-sdk/sdk/2.1.0/src/rp2_common/pico_printf/printf.c.o
                0x1000385c                weak_raw_vprintf
 .text._exit    0x1000388c        0x4 CMakeFiles/hello_pio.dir/home/pdsilva/.pico-sdk/sdk/2.1.0/src/rp2_common/pico_clib_interface/newlib_interface.c.o
                0x1000388c                _exit
 .text.exit     0x10003890        0x8 CMakeFiles/hello_pio.dir/home/pdsilva/.pico-sdk/sdk/2.1.0/src/rp2_common/pico_clib_interface/newlib_interface.c.o
                0x10003890                exit
 .text.runtime_init
                0x10003898       0x2c CMakeFiles/hello_pio.dir/home/pdsilva/.pico-sdk/sdk/2.1.0/src/rp2_common/pico_clib_interface/newlib_interface.c.o
                0x10003898                runtime_init
 .text.stdio_out_chars_no_crlf
                0x100038c4       0x10 CMakeFiles/hello_pio.dir/home/pdsilva/.pico-sdk/sdk/2.1.0/src/rp2_common/pico_stdio/stdio.c.o
 .text.stdio_out_chars_crlf
                0x100038d4       0x94 CMakeFiles/hello_pio.dir/home/pdsilva/.pico-sdk/sdk/2.1.0/src/rp2_common/pico_stdio/stdio.c.o
 .text.stdio_buffered_printer
                0x10003968       0x64 CMakeFiles/hello_pio.dir/home/pdsilva/.pico-sdk/sdk/2.1.0/src/rp2_common/pico_stdio/stdio.c.o
 .text.stdio_put_string
                0x100039cc      0x100 CMakeFiles/hello_pio.dir/home/pdsilva/.pico-sdk/sdk/2.1.0/src/rp2_common/pico_stdio/stdio.c.o
                0x100039cc                stdio_put_string
 .text.stdio_getchar_timeout_us
                0x10003acc       0x98 CMakeFiles/hello_pio.dir/home/pdsilva/.pico-sdk/sdk/2.1.0/src/rp2_common/pico_stdio/stdio.c.o
                0x10003acc                stdio_getchar_timeout_us
 .text.__wrap_putchar
                0x10003b64       0x98 CMakeFiles/hello_pio.dir/home/pdsilva/.pico-sdk/sdk/2.1.0/src/rp2_common/pico_stdio/stdio.c.o
                0x10003b64                stdio_putchar
                0x10003b64                __wrap_putchar
 .text.__wrap_puts
                0x10003bfc       0x3c CMakeFiles/hello_pio.dir/home/pdsilva/.pico-sdk/sdk/2.1.0/src/rp2_common/pico_stdio/stdio.c.o
                0x10003bfc                __wrap_puts
                0x10003bfc                stdio_puts
 .text.__wrap_vprintf
                0x10003c38       0xd4 CMakeFiles/hello_pio.dir/home/pdsilva/.pico-sdk/sdk/2.1.0/src/rp2_common/pico_stdio/stdio.c.o
                0x10003c38                __wrap_vprintf
                0x10003c38                stdio_vprintf
 .text.__wrap_printf
                0x10003d0c       0x18 CMakeFiles/hello_pio.dir/home/pdsilva/.pico-sdk/sdk/2.1.0/src/rp2_common/pico_stdio/stdio.c.o
                0x10003d0c                stdio_printf
                0x10003d0c                __wrap_printf
 .text.pio_sm_set_consecutive_pindirs
                0x10003d24       0xb4 CMakeFiles/hello_pio.dir/home/pdsilva/.pico-sdk/sdk/2.1.0/src/rp2_common/hardware_pio/pio.c.o
                0x10003d24                pio_sm_set_consecutive_pindirs
 .text.pio_sm_init
                0x10003dd8       0x9c CMakeFiles/hello_pio.dir/home/pdsilva/.pico-sdk/sdk/2.1.0/src/rp2_common/hardware_pio/pio.c.o
                0x10003dd8                pio_sm_init
 .text.pio_claim_free_sm_and_add_program_for_gpio_range
                0x10003e74      0x18c CMakeFiles/hello_pio.dir/home/pdsilva/.pico-sdk/sdk/2.1.0/src/rp2_common/hardware_pio/pio.c.o
                0x10003e74                pio_claim_free_sm_and_add_program_for_gpio_range
 .text.pio_remove_program_and_unclaim_sm
                0x10004000       0x40 CMakeFiles/hello_pio.dir/home/pdsilva/.pico-sdk/sdk/2.1.0/src/rp2_common/hardware_pio/pio.c.o
                0x10004000                pio_remove_program_and_unclaim_sm
 .text.strlen   0x10004040       0x5c /home/pdsilva/.pico-sdk/toolchain/13_3_Rel1/bin/../lib/gcc/arm-none-eabi/13.3.1/../../../../arm-none-eabi/lib/thumb/v6-m/nofp/libg.a(libc_a-strlen-stub.o)
                0x10004040                strlen
 *(.fini)
 .fini          0x1000409c        0x4 /home/pdsilva/.pico-sdk/toolchain/13_3_Rel1/bin/../lib/gcc/arm-none-eabi/13.3.1/thumb/v6-m/nofp/crti.o
                0x1000409c                _fini
 .fini.__stub   0x100040a0       0x40 linker stubs
 *crtbegin.o(.ctors)
 *crtbegin?.o(.ctors)
 *(EXCLUDE_FILE(*crtend.o *crtend?.o) .ctors)
 *(SORT_BY_NAME(.ctors.*))
 *(.ctors)
 *crtbegin.o(.dtors)
 *crtbegin?.o(.dtors)
 *(EXCLUDE_FILE(*crtend.o *crtend?.o) .dtors)
 *(SORT_BY_NAME(.dtors.*))
 *(.dtors)
                0x100040e0                        . = ALIGN (0x4)
                0x100040e0                        PROVIDE (__preinit_array_start = .)
 *(SORT_BY_NAME(.preinit_array.*))
 .preinit_array.00100
                0x100040e0        0x4 CMakeFiles/hello_pio.dir/home/pdsilva/.pico-sdk/sdk/2.1.0/src/rp2_common/pico_runtime_init/runtime_init.c.o
                0x100040e0                __pre_init_runtime_init_early_resets
 .preinit_array.00101
                0x100040e4        0x4 CMakeFiles/hello_pio.dir/home/pdsilva/.pico-sdk/sdk/2.1.0/src/rp2_common/pico_runtime_init/runtime_init.c.o
                0x100040e4                __pre_init_runtime_init_usb_power_down
 .preinit_array.00275
                0x100040e8        0x4 CMakeFiles/hello_pio.dir/home/pdsilva/.pico-sdk/sdk/2.1.0/src/rp2_common/pico_bit_ops/bit_ops_aeabi.S.o
 .preinit_array.00300
                0x100040ec        0x4 CMakeFiles/hello_pio.dir/home/pdsilva/.pico-sdk/sdk/2.1.0/src/rp2_common/pico_mem_ops/mem_ops_aeabi.S.o
 .preinit_array.00350
                0x100040f0        0x4 CMakeFiles/hello_pio.dir/home/pdsilva/.pico-sdk/sdk/2.1.0/src/rp2_common/pico_double/double_aeabi_rp2040.S.o
 .preinit_array.00350
                0x100040f4        0x4 CMakeFiles/hello_pio.dir/home/pdsilva/.pico-sdk/sdk/2.1.0/src/rp2_common/pico_float/float_aeabi_rp2040.S.o
 .preinit_array.00500
                0x100040f8        0x4 CMakeFiles/hello_pio.dir/home/pdsilva/.pico-sdk/sdk/2.1.0/src/rp2_common/pico_runtime_init/runtime_init.c.o
                0x100040f8                __pre_init_runtime_init_clocks
 .preinit_array.00600
                0x100040fc        0x4 CMakeFiles/hello_pio.dir/home/pdsilva/.pico-sdk/sdk/2.1.0/src/rp2_common/pico_runtime_init/runtime_init.c.o
                0x100040fc                __pre_init_runtime_init_post_clock_resets
 .preinit_array.00700
                0x10004100        0x4 CMakeFiles/hello_pio.dir/home/pdsilva/.pico-sdk/sdk/2.1.0/src/rp2_common/pico_runtime_init/runtime_init.c.o
                0x10004100                __pre_init_runtime_init_rp2040_gpio_ie_disable
 .preinit_array.01000
                0x10004104        0x4 CMakeFiles/hello_pio.dir/home/pdsilva/.pico-sdk/sdk/2.1.0/src/rp2_common/pico_runtime_init/runtime_init.c.o
                0x10004104                __pre_init_runtime_init_spin_locks_reset
 .preinit_array.01100
                0x10004108        0x4 CMakeFiles/hello_pio.dir/home/pdsilva/.pico-sdk/sdk/2.1.0/src/common/pico_sync/mutex.c.o
                0x10004108                __pre_init_runtime_init_mutex
 .preinit_array.10080
                0x1000410c        0x4 CMakeFiles/hello_pio.dir/home/pdsilva/.pico-sdk/sdk/2.1.0/src/rp2_common/pico_runtime_init/runtime_init.c.o
                0x1000410c                __pre_init_runtime_init_install_ram_vector_table
 .preinit_array.11000
                0x10004110        0x4 CMakeFiles/hello_pio.dir/home/pdsilva/.pico-sdk/sdk/2.1.0/src/common/pico_time/time.c.o
                0x10004110                __pre_init_runtime_init_default_alarm_pool
 .preinit_array.YYYYY
                0x10004114        0x4 CMakeFiles/hello_pio.dir/home/pdsilva/.pico-sdk/sdk/2.1.0/src/rp2_common/pico_runtime/runtime.c.o
                0x10004114                __pre_init_first_per_core_initializer
 .preinit_array.ZZZZZ.01200
                0x10004118        0x4 CMakeFiles/hello_pio.dir/home/pdsilva/.pico-sdk/sdk/2.1.0/src/rp2_common/hardware_irq/irq.c.o
                0x10004118                __pre_init_runtime_init_per_core_irq_priorities
 *(.preinit_array)
                0x1000411c                        PROVIDE (__preinit_array_end = .)
                0x1000411c                        . = ALIGN (0x4)
                0x1000411c                        PROVIDE (__init_array_start = .)
 *(SORT_BY_NAME(.init_array.*))
 *(.init_array)
 .init_array    0x1000411c        0x4 /home/pdsilva/.pico-sdk/toolchain/13_3_Rel1/bin/../lib/gcc/arm-none-eabi/13.3.1/thumb/v6-m/nofp/crtbegin.o
                0x10004120                        PROVIDE (__init_array_end = .)
                0x10004120                        . = ALIGN (0x4)
                [!provide]                        PROVIDE (__fini_array_start = .)
 *(SORT_BY_NAME(.fini_array.*))
 *(.fini_array)
                [!provide]                        PROVIDE (__fini_array_end = .)
 *(.eh_frame*)
 .eh_frame      0x10004120        0x0 /home/pdsilva/.pico-sdk/toolchain/13_3_Rel1/bin/../lib/gcc/arm-none-eabi/13.3.1/thumb/v6-m/nofp/crtbegin.o
                0x10004120                        . = ALIGN (0x4)

.glue_7         0x10004120        0x0
 .glue_7        0x10004120        0x0 linker stubs

.glue_7t        0x10004120        0x0
 .glue_7t       0x10004120        0x0 linker stubs

.vfp11_veneer   0x10004120        0x0
 .vfp11_veneer  0x10004120        0x0 linker stubs

.v4_bx          0x10004120        0x0
 .v4_bx         0x10004120        0x0 linker stubs

.iplt           0x10004120        0x0
 .iplt          0x10004120        0x0 /home/pdsilva/.pico-sdk/toolchain/13_3_Rel1/bin/../lib/gcc/arm-none-eabi/13.3.1/thumb/v6-m/nofp/crtbegin.o

.rodata         0x10004120      0x324
 *(EXCLUDE_FILE(*libm.a: *libc.a:*lib_a-mem*.o *libgcc.a:) .rodata*)
 .rodata.main.str1.4
                0x10004120       0xd0 CMakeFiles/hello_pio.dir/hello.c.o
                                  0xf (size before relaxing)
 .rodata.hello_program
                0x100041f0        0x8 CMakeFiles/hello_pio.dir/hello.c.o
 .rodata.hello_program_instructions
                0x100041f8        0x6 CMakeFiles/hello_pio.dir/hello.c.o
 .rodata.panic.str1.4
                0x100041fe       0x12 CMakeFiles/hello_pio.dir/home/pdsilva/.pico-sdk/sdk/2.1.0/src/rp2_common/pico_platform_panic/panic.c.o
 .rodata.timer_hardware_alarm_claim.str1.4
                0x100041fe       0x22 CMakeFiles/hello_pio.dir/home/pdsilva/.pico-sdk/sdk/2.1.0/src/rp2_common/hardware_timer/timer.c.o
 .rodata.hard_assertion_failure.str1.4
                0x100041fe        0xc CMakeFiles/hello_pio.dir/home/pdsilva/.pico-sdk/sdk/2.1.0/src/rp2_common/pico_runtime/runtime.c.o
 .rodata.str1.4
                0x100041fe       0x40 CMakeFiles/hello_pio.dir/home/pdsilva/.pico-sdk/sdk/2.1.0/src/rp2_common/pico_standard_binary_info/standard_binary_info.c.o
 *fill*         0x100041fe        0x2 
 .rodata.__bi_84
                0x10004200        0xc CMakeFiles/hello_pio.dir/home/pdsilva/.pico-sdk/sdk/2.1.0/src/rp2_common/pico_standard_binary_info/standard_binary_info.c.o
 .rodata.__bi_78
                0x1000420c        0xc CMakeFiles/hello_pio.dir/home/pdsilva/.pico-sdk/sdk/2.1.0/src/rp2_common/pico_standard_binary_info/standard_binary_info.c.o
 .rodata.__bi_54
                0x10004218        0xc CMakeFiles/hello_pio.dir/home/pdsilva/.pico-sdk/sdk/2.1.0/src/rp2_common/pico_standard_binary_info/standard_binary_info.c.o
 .rodata.__bi_48
                0x10004224        0xc CMakeFiles/hello_pio.dir/home/pdsilva/.pico-sdk/sdk/2.1.0/src/rp2_common/pico_standard_binary_info/standard_binary_info.c.o
 .rodata.__bi_42
                0x10004230        0xc CMakeFiles/hello_pio.dir/home/pdsilva/.pico-sdk/sdk/2.1.0/src/rp2_common/pico_standard_binary_info/standard_binary_info.c.o
 .rodata.__bi_34
                0x1000423c        0xc CMakeFiles/hello_pio.dir/home/pdsilva/.pico-sdk/sdk/2.1.0/src/rp2_common/pico_standard_binary_info/standard_binary_info.c.o
 .rodata.__bi_26
                0x10004248        0xc CMakeFiles/hello_pio.dir/home/pdsilva/.pico-sdk/sdk/2.1.0/src/rp2_common/pico_standard_binary_info/standard_binary_info.c.o
 .rodata._ftoa.str1.4
                0x10004254       0x15 CMakeFiles/hello_pio.dir/home/pdsilva/.pico-sdk/sdk/2.1.0/src/rp2_common/pico_printf/printf.c.o
 .rodata._vsnprintf
                0x10004254      0x19c CMakeFiles/hello_pio.dir/home/pdsilva/.pico-sdk/sdk/2.1.0/src/rp2_common/pico_printf/printf.c.o
 .rodata.pow10.0
                0x100043f0       0x50 CMakeFiles/hello_pio.dir/home/pdsilva/.pico-sdk/sdk/2.1.0/src/rp2_common/pico_printf/printf.c.o
 .rodata.crlf_str.0
                0x10004440        0x2 CMakeFiles/hello_pio.dir/home/pdsilva/.pico-sdk/sdk/2.1.0/src/rp2_common/pico_stdio/stdio.c.o
 .rodata.pio_claim_unused_sm.str1.4
                0x10004442       0x24 CMakeFiles/hello_pio.dir/home/pdsilva/.pico-sdk/sdk/2.1.0/src/rp2_common/hardware_pio/pio.c.o
                0x10004468                        . = ALIGN (0x4)
 *fill*         0x10004442        0x2 
 *(SORT_BY_ALIGNMENT(SORT_BY_NAME(.flashdata*)))
                0x10004444                        . = ALIGN (0x4)

.ARM.extab
 *(.ARM.extab* .gnu.linkonce.armextab.*)
                0x10004444                        __exidx_start = .

.ARM.exidx
 *(.ARM.exidx* .gnu.linkonce.armexidx.*)
                0x10004444                        __exidx_end = .
                0x10004444                        . = ALIGN (0x4)
                0x10004444                        __binary_info_start = .

.binary_info    0x10004444       0x1c
 *(.binary_info.keep.*)
 .binary_info.keep.__bi_ptr84
                0x10004444        0x4 CMakeFiles/hello_pio.dir/home/pdsilva/.pico-sdk/sdk/2.1.0/src/rp2_common/pico_standard_binary_info/standard_binary_info.c.o
 .binary_info.keep.__bi_ptr78
                0x10004448        0x4 CMakeFiles/hello_pio.dir/home/pdsilva/.pico-sdk/sdk/2.1.0/src/rp2_common/pico_standard_binary_info/standard_binary_info.c.o
 .binary_info.keep.__bi_ptr54
                0x1000444c        0x4 CMakeFiles/hello_pio.dir/home/pdsilva/.pico-sdk/sdk/2.1.0/src/rp2_common/pico_standard_binary_info/standard_binary_info.c.o
 .binary_info.keep.__bi_ptr48
                0x10004450        0x4 CMakeFiles/hello_pio.dir/home/pdsilva/.pico-sdk/sdk/2.1.0/src/rp2_common/pico_standard_binary_info/standard_binary_info.c.o
 .binary_info.keep.__bi_ptr42
                0x10004454        0x4 CMakeFiles/hello_pio.dir/home/pdsilva/.pico-sdk/sdk/2.1.0/src/rp2_common/pico_standard_binary_info/standard_binary_info.c.o
 .binary_info.keep.__bi_ptr34
                0x10004458        0x4 CMakeFiles/hello_pio.dir/home/pdsilva/.pico-sdk/sdk/2.1.0/src/rp2_common/pico_standard_binary_info/standard_binary_info.c.o
 .binary_info.keep.__bi_ptr26
                0x1000445c        0x4 CMakeFiles/hello_pio.dir/home/pdsilva/.pico-sdk/sdk/2.1.0/src/rp2_common/pico_standard_binary_info/standard_binary_info.c.o
 *(.binary_info.*)
                0x10004460                        __binary_info_end = .

.rel.dyn        0x10004460        0x0
 .rel.iplt      0x10004460        0x0 /home/pdsilva/.pico-sdk/toolchain/13_3_Rel1/bin/../lib/gcc/arm-none-eabi/13.3.1/thumb/v6-m/nofp/crtbegin.o
                0x10004460                        . = ALIGN (0x4)

.ram_vector_table
                0x20000000       0xc0
 *(.ram_vector_table)
 .ram_vector_table
                0x20000000       0xc0 CMakeFiles/hello_pio.dir/home/pdsilva/.pico-sdk/sdk/2.1.0/src/rp2_common/pico_runtime_init/runtime_init.c.o
                0x20000000                ram_vector_table

.uninitialized_data
                0x200000c0        0x0
                0x200000c0                        . = ALIGN (0x4)
 *(.uninitialized_data*)

.data           0x200000c0      0x128 load address 0x10004460
                0x200000c0                        __data_start__ = .
 *(vtable)
 *(.time_critical*)
 .time_critical.mutex_try_enter_block_until
                0x200000c0       0x9c CMakeFiles/hello_pio.dir/home/pdsilva/.pico-sdk/sdk/2.1.0/src/common/pico_sync/mutex.c.o
                0x200000c0                mutex_try_enter_block_until
 .time_critical.mutex_exit
                0x2000015c       0x28 CMakeFiles/hello_pio.dir/home/pdsilva/.pico-sdk/sdk/2.1.0/src/common/pico_sync/mutex.c.o
                0x2000015c                mutex_exit
 *(.text*)
 .text          0x20000184        0x4 /home/pdsilva/.pico-sdk/toolchain/13_3_Rel1/bin/../lib/gcc/arm-none-eabi/13.3.1/thumb/v6-m/nofp/libgcc.a(_dvmd_tls.o)
                0x20000184                __aeabi_ldiv0
                0x20000184                __aeabi_idiv0
 .text.__stub   0x20000188       0x10 linker stubs
                0x20000198                        . = ALIGN (0x4)
 *(.rodata*)
                0x20000198                        . = ALIGN (0x4)
 *(.data*)
 .data.striped_spin_lock_num
                0x20000198        0x1 CMakeFiles/hello_pio.dir/home/pdsilva/.pico-sdk/sdk/2.1.0/src/rp2_common/hardware_sync/sync.c.o
 *fill*         0x20000199        0x3 
 .data.default_alarm_pool
                0x2000019c       0x18 CMakeFiles/hello_pio.dir/home/pdsilva/.pico-sdk/sdk/2.1.0/src/common/pico_time/time.c.o
 *fill*         0x200001b4        0xc 
 .data.aeabi_bits_funcs
                0x200001c0       0x10 CMakeFiles/hello_pio.dir/home/pdsilva/.pico-sdk/sdk/2.1.0/src/rp2_common/pico_bit_ops/bit_ops_aeabi.S.o
                0x200001c0                aeabi_bits_funcs
                0x200001d0                aeabi_bits_funcs_end
 .data.aeabi_mem_funcs
                0x200001d0       0x10 CMakeFiles/hello_pio.dir/home/pdsilva/.pico-sdk/sdk/2.1.0/src/rp2_common/pico_mem_ops/mem_ops_aeabi.S.o
                0x200001d0                aeabi_mem_funcs
                0x200001e0                aeabi_mem_funcs_end
                0x200001e0                        . = ALIGN (0x4)
 *(.after_data.*)
                0x200001e0                        . = ALIGN (0x4)
                0x200001e0                        PROVIDE (__mutex_array_start = .)
 *(SORT_BY_NAME(.mutex_array.*))
 *(.mutex_array)
 .mutex_array   0x200001e0        0x8 CMakeFiles/hello_pio.dir/home/pdsilva/.pico-sdk/sdk/2.1.0/src/rp2_common/pico_stdio/stdio.c.o
                0x200001e8                        PROVIDE (__mutex_array_end = .)
                0x200001e8                        . = ALIGN (0x4)
 *(.jcr)
                0x200001e8                        . = ALIGN (0x4)

.tm_clone_table
                0x200001e8        0x0 load address 0x10004588
 .tm_clone_table
                0x200001e8        0x0 /home/pdsilva/.pico-sdk/toolchain/13_3_Rel1/bin/../lib/gcc/arm-none-eabi/13.3.1/thumb/v6-m/nofp/crtbegin.o
 .tm_clone_table
                0x200001e8        0x0 /home/pdsilva/.pico-sdk/toolchain/13_3_Rel1/bin/../lib/gcc/arm-none-eabi/13.3.1/thumb/v6-m/nofp/crtend.o

.igot.plt       0x200001e8        0x0 load address 0x10004588
 .igot.plt      0x200001e8        0x0 /home/pdsilva/.pico-sdk/toolchain/13_3_Rel1/bin/../lib/gcc/arm-none-eabi/13.3.1/thumb/v6-m/nofp/crtbegin.o

.tdata          0x200001e8        0x0 load address 0x10004588
                0x200001e8                        . = ALIGN (0x4)
 *(.tdata .tdata.* .gnu.linkonce.td.*)
                0x200001e8                        __tdata_end = .
                0x200001e8                        PROVIDE (__data_end__ = .)
                0x10004460                        __etext = LOADADDR (.data)

.tbss           0x200001e8        0x0 load address 0x10004588
                0x200001e8                        . = ALIGN (0x4)
                0x200001e8                        __bss_start__ = .
                0x200001e8                        __tls_base = .
 *(.tbss .tbss.* .gnu.linkonce.tb.*)
 *(.tcommon)
                0x200001e8                        __tls_end = .

.bss            0x200001e8      0x3f4 load address 0x10004588
                0x200001e8                        . = ALIGN (0x4)
                0x200001e8                        __tbss_end = .
 *(SORT_BY_ALIGNMENT(SORT_BY_NAME(.bss*)))
 .bss.default_alarm_pool_entries
                0x200001e8      0x180 CMakeFiles/hello_pio.dir/home/pdsilva/.pico-sdk/sdk/2.1.0/src/common/pico_time/time.c.o
 .bss.sd_table  0x20000368      0x100 CMakeFiles/hello_pio.dir/home/pdsilva/.pico-sdk/sdk/2.1.0/src/rp2_common/pico_double/double_init_rom_rp2040.c.o
                0x20000368                sd_table
 .bss.sf_table  0x20000468      0x100 CMakeFiles/hello_pio.dir/home/pdsilva/.pico-sdk/sdk/2.1.0/src/rp2_common/pico_float/float_init_rom_rp2040.c.o
                0x20000468                sf_table
 .bss._used_instruction_space
                0x20000568        0x8 CMakeFiles/hello_pio.dir/home/pdsilva/.pico-sdk/sdk/2.1.0/src/rp2_common/hardware_pio/pio.c.o
 .bss.claimed   0x20000570        0x1 CMakeFiles/hello_pio.dir/home/pdsilva/.pico-sdk/sdk/2.1.0/src/rp2_common/hardware_timer/timer.c.o
 *fill*         0x20000571        0x3 
 .bss.claimed   0x20000574        0x1 CMakeFiles/hello_pio.dir/home/pdsilva/.pico-sdk/sdk/2.1.0/src/rp2_common/hardware_pio/pio.c.o
 *fill*         0x20000575        0x3 
 .bss.configured_freq
                0x20000578       0x28 CMakeFiles/hello_pio.dir/home/pdsilva/.pico-sdk/sdk/2.1.0/src/rp2_common/hardware_clocks/clocks.c.o
 .bss.drivers   0x200005a0        0x4 CMakeFiles/hello_pio.dir/home/pdsilva/.pico-sdk/sdk/2.1.0/src/rp2_common/pico_stdio/stdio.c.o
 .bss.filter    0x200005a4        0x4 CMakeFiles/hello_pio.dir/home/pdsilva/.pico-sdk/sdk/2.1.0/src/rp2_common/pico_stdio/stdio.c.o
 .bss.lazy_vsnprintf
                0x200005a8        0x4 CMakeFiles/hello_pio.dir/home/pdsilva/.pico-sdk/sdk/2.1.0/src/rp2_common/pico_printf/printf.c.o
 .bss.object.0  0x200005ac       0x18 /home/pdsilva/.pico-sdk/toolchain/13_3_Rel1/bin/../lib/gcc/arm-none-eabi/13.3.1/thumb/v6-m/nofp/crtbegin.o
 .bss.pools     0x200005c4       0x10 CMakeFiles/hello_pio.dir/home/pdsilva/.pico-sdk/sdk/2.1.0/src/common/pico_time/time.c.o
 .bss.sf_clz_func
                0x200005d4        0x4 CMakeFiles/hello_pio.dir/home/pdsilva/.pico-sdk/sdk/2.1.0/src/rp2_common/pico_double/double_init_rom_rp2040.c.o
                0x200005d4                sf_clz_func
 .bss.sleep_notifier
                0x200005d8        0x4 CMakeFiles/hello_pio.dir/home/pdsilva/.pico-sdk/sdk/2.1.0/src/common/pico_time/time.c.o
 *(COMMON)
                0x200005dc                        . = ALIGN (0x4)
                0x200005dc                        __bss_end__ = .

.heap           0x200005dc      0x800 load address 0x10004588
                0x200005dc                        __end__ = .
                0x200005dc                        end = __end__
 *(.heap*)
 .heap          0x200005dc      0x800 CMakeFiles/hello_pio.dir/home/pdsilva/.pico-sdk/sdk/2.1.0/src/rp2_common/pico_crt0/crt0.S.o
                0x20040000                        __HeapLimit = (ORIGIN (RAM) + LENGTH (RAM))

.scratch_x      0x20040000        0x0 load address 0x10004588
                0x20040000                        __scratch_x_start__ = .
 *(.scratch_x.*)
                0x20040000                        . = ALIGN (0x4)
                0x20040000                        __scratch_x_end__ = .
                0x10004588                        __scratch_x_source__ = LOADADDR (.scratch_x)

.scratch_y      0x20041000        0x0 load address 0x10004588
                0x20041000                        __scratch_y_start__ = .
 *(.scratch_y.*)
                0x20041000                        . = ALIGN (0x4)
                0x20041000                        __scratch_y_end__ = .
                0x10004588                        __scratch_y_source__ = LOADADDR (.scratch_y)

.stack1_dummy
 *(.stack1*)

.stack_dummy    0x20041000      0x800
 *(.stack*)
 .stack         0x20041000      0x800 CMakeFiles/hello_pio.dir/home/pdsilva/.pico-sdk/sdk/2.1.0/src/rp2_common/pico_crt0/crt0.S.o

.flash_end      0x10004588        0x0
 *(.embedded_end_block*)
                0x10004588                        PROVIDE (__flash_binary_end = .)
                0x20040000                        __StackLimit = (ORIGIN (RAM) + LENGTH (RAM))
                0x20041000                        __StackOneTop = (ORIGIN (SCRATCH_X) + LENGTH (SCRATCH_X))
                0x20042000                        __StackTop = (ORIGIN (SCRATCH_Y) + LENGTH (SCRATCH_Y))
                0x20041000                        __StackOneBottom = (__StackOneTop - SIZEOF (.stack1_dummy))
                0x20041800                        __StackBottom = (__StackTop - SIZEOF (.stack_dummy))
                0x20042000                        PROVIDE (__stack = __StackTop)
                [!provide]                        PROVIDE (__heap_start = __end__)
                [!provide]                        PROVIDE (__heap_end = __HeapLimit)
                [!provide]                        PROVIDE (__tls_align = MAX (ALIGNOF (.tdata), ALIGNOF (.tbss)))
                [!provide]                        PROVIDE (__tls_size_align = (((__tls_size + __tls_align) - 0x1) & ~ ((__tls_align - 0x1))))
                [!provide]                        PROVIDE (__arm32_tls_tcb_offset = MAX (0x8, __tls_align))
                [!provide]                        PROVIDE (_end = __end__)
                [!provide]                        PROVIDE (__llvm_libc_heap_limit = __HeapLimit)
                0x00000001                        ASSERT ((__StackLimit >= __HeapLimit), region RAM overflowed)
                0x00000001                        ASSERT (((__binary_info_header_end - __logical_binary_start) <= 0x100), Binary info must be in first 256 bytes of the binary)
LOAD CMakeFiles/hello_pio.dir/hello.c.o
LOAD CMakeFiles/hello_pio.dir/home/pdsilva/.pico-sdk/sdk/2.1.0/src/rp2_common/pico_stdlib/stdlib.c.o
LOAD CMakeFiles/hello_pio.dir/home/pdsilva/.pico-sdk/sdk/2.1.0/src/rp2_common/hardware_gpio/gpio.c.o
LOAD CMakeFiles/hello_pio.dir/home/pdsilva/.pico-sdk/sdk/2.1.0/src/rp2040/pico_platform/platform.c.o
LOAD CMakeFiles/hello_pio.dir/home/pdsilva/.pico-sdk/sdk/2.1.0/src/rp2_common/pico_platform_panic/panic.c.o
LOAD CMakeFiles/hello_pio.dir/home/pdsilva/.pico-sdk/sdk/2.1.0/src/common/hardware_claim/claim.c.o
LOAD CMakeFiles/hello_pio.dir/home/pdsilva/.pico-sdk/sdk/2.1.0/src/rp2_common/hardware_sync/sync.c.o
LOAD CMakeFiles/hello_pio.dir/home/pdsilva/.pico-sdk/sdk/2.1.0/src/rp2_common/hardware_sync_spin_lock/sync_spin_lock.c.o
LOAD CMakeFiles/hello_pio.dir/home/pdsilva/.pico-sdk/sdk/2.1.0/src/rp2_common/hardware_irq/irq.c.o
LOAD CMakeFiles/hello_pio.dir/home/pdsilva/.pico-sdk/sdk/2.1.0/src/rp2_common/hardware_irq/irq_handler_chain.S.o
LOAD CMakeFiles/hello_pio.dir/home/pdsilva/.pico-sdk/sdk/2.1.0/src/common/pico_sync/sem.c.o
LOAD CMakeFiles/hello_pio.dir/home/pdsilva/.pico-sdk/sdk/2.1.0/src/common/pico_sync/lock_core.c.o
LOAD CMakeFiles/hello_pio.dir/home/pdsilva/.pico-sdk/sdk/2.1.0/src/common/pico_sync/mutex.c.o
LOAD CMakeFiles/hello_pio.dir/home/pdsilva/.pico-sdk/sdk/2.1.0/src/common/pico_sync/critical_section.c.o
LOAD CMakeFiles/hello_pio.dir/home/pdsilva/.pico-sdk/sdk/2.1.0/src/common/pico_time/time.c.o
LOAD CMakeFiles/hello_pio.dir/home/pdsilva/.pico-sdk/sdk/2.1.0/src/common/pico_time/timeout_helper.c.o
LOAD CMakeFiles/hello_pio.dir/home/pdsilva/.pico-sdk/sdk/2.1.0/src/rp2_common/hardware_timer/timer.c.o
LOAD CMakeFiles/hello_pio.dir/home/pdsilva/.pico-sdk/sdk/2.1.0/src/common/pico_util/datetime.c.o
LOAD CMakeFiles/hello_pio.dir/home/pdsilva/.pico-sdk/sdk/2.1.0/src/common/pico_util/pheap.c.o
LOAD CMakeFiles/hello_pio.dir/home/pdsilva/.pico-sdk/sdk/2.1.0/src/common/pico_util/queue.c.o
LOAD CMakeFiles/hello_pio.dir/home/pdsilva/.pico-sdk/sdk/2.1.0/src/rp2_common/hardware_uart/uart.c.o
LOAD CMakeFiles/hello_pio.dir/home/pdsilva/.pico-sdk/sdk/2.1.0/src/rp2_common/hardware_clocks/clocks.c.o
LOAD CMakeFiles/hello_pio.dir/home/pdsilva/.pico-sdk/sdk/2.1.0/src/rp2_common/hardware_pll/pll.c.o
LOAD CMakeFiles/hello_pio.dir/home/pdsilva/.pico-sdk/sdk/2.1.0/src/rp2_common/hardware_vreg/vreg.c.o
LOAD CMakeFiles/hello_pio.dir/home/pdsilva/.pico-sdk/sdk/2.1.0/src/rp2_common/hardware_watchdog/watchdog.c.o
LOAD CMakeFiles/hello_pio.dir/home/pdsilva/.pico-sdk/sdk/2.1.0/src/rp2_common/hardware_ticks/ticks.c.o
LOAD CMakeFiles/hello_pio.dir/home/pdsilva/.pico-sdk/sdk/2.1.0/src/rp2_common/pico_bootrom/bootrom.c.o
LOAD CMakeFiles/hello_pio.dir/home/pdsilva/.pico-sdk/sdk/2.1.0/src/rp2_common/pico_bootrom/bootrom_lock.c.o
LOAD CMakeFiles/hello_pio.dir/home/pdsilva/.pico-sdk/sdk/2.1.0/src/rp2_common/hardware_boot_lock/boot_lock.c.o
LOAD CMakeFiles/hello_pio.dir/home/pdsilva/.pico-sdk/sdk/2.1.0/src/rp2_common/pico_flash/flash.c.o
LOAD CMakeFiles/hello_pio.dir/home/pdsilva/.pico-sdk/sdk/2.1.0/src/rp2_common/hardware_xosc/xosc.c.o
LOAD CMakeFiles/hello_pio.dir/home/pdsilva/.pico-sdk/sdk/2.1.0/src/rp2_common/hardware_divider/divider.S.o
LOAD CMakeFiles/hello_pio.dir/home/pdsilva/.pico-sdk/sdk/2.1.0/src/rp2_common/pico_runtime/runtime.c.o
LOAD CMakeFiles/hello_pio.dir/home/pdsilva/.pico-sdk/sdk/2.1.0/src/rp2_common/pico_runtime_init/runtime_init.c.o
LOAD CMakeFiles/hello_pio.dir/home/pdsilva/.pico-sdk/sdk/2.1.0/src/rp2_common/pico_runtime_init/runtime_init_clocks.c.o
LOAD CMakeFiles/hello_pio.dir/home/pdsilva/.pico-sdk/sdk/2.1.0/src/rp2_common/pico_runtime_init/runtime_init_stack_guard.c.o
LOAD CMakeFiles/hello_pio.dir/home/pdsilva/.pico-sdk/sdk/2.1.0/src/rp2_common/pico_bit_ops/bit_ops_aeabi.S.o
LOAD CMakeFiles/hello_pio.dir/home/pdsilva/.pico-sdk/sdk/2.1.0/src/rp2_common/pico_divider/divider_hardware.S.o
LOAD CMakeFiles/hello_pio.dir/home/pdsilva/.pico-sdk/sdk/2.1.0/src/rp2_common/pico_double/double_aeabi_rp2040.S.o
LOAD CMakeFiles/hello_pio.dir/home/pdsilva/.pico-sdk/sdk/2.1.0/src/rp2_common/pico_double/double_init_rom_rp2040.c.o
LOAD CMakeFiles/hello_pio.dir/home/pdsilva/.pico-sdk/sdk/2.1.0/src/rp2_common/pico_double/double_math.c.o
LOAD CMakeFiles/hello_pio.dir/home/pdsilva/.pico-sdk/sdk/2.1.0/src/rp2_common/pico_double/double_v1_rom_shim_rp2040.S.o
LOAD CMakeFiles/hello_pio.dir/home/pdsilva/.pico-sdk/sdk/2.1.0/src/rp2_common/pico_int64_ops/pico_int64_ops_aeabi.S.o
LOAD CMakeFiles/hello_pio.dir/home/pdsilva/.pico-sdk/sdk/2.1.0/src/rp2_common/pico_float/float_aeabi_rp2040.S.o
LOAD CMakeFiles/hello_pio.dir/home/pdsilva/.pico-sdk/sdk/2.1.0/src/rp2_common/pico_float/float_init_rom_rp2040.c.o
LOAD CMakeFiles/hello_pio.dir/home/pdsilva/.pico-sdk/sdk/2.1.0/src/rp2_common/pico_float/float_math.c.o
LOAD CMakeFiles/hello_pio.dir/home/pdsilva/.pico-sdk/sdk/2.1.0/src/rp2_common/pico_float/float_v1_rom_shim_rp2040.S.o
LOAD CMakeFiles/hello_pio.dir/home/pdsilva/.pico-sdk/sdk/2.1.0/src/rp2_common/pico_malloc/malloc.c.o
LOAD CMakeFiles/hello_pio.dir/home/pdsilva/.pico-sdk/sdk/2.1.0/src/rp2_common/pico_mem_ops/mem_ops_aeabi.S.o
LOAD CMakeFiles/hello_pio.dir/home/pdsilva/.pico-sdk/sdk/2.1.0/src/rp2_common/pico_atomic/atomic.c.o
LOAD CMakeFiles/hello_pio.dir/home/pdsilva/.pico-sdk/sdk/2.1.0/src/rp2_common/pico_cxx_options/new_delete.cpp.o
LOAD CMakeFiles/hello_pio.dir/home/pdsilva/.pico-sdk/sdk/2.1.0/src/rp2_common/pico_standard_binary_info/standard_binary_info.c.o
LOAD CMakeFiles/hello_pio.dir/home/pdsilva/.pico-sdk/sdk/2.1.0/src/rp2_common/pico_printf/printf.c.o
LOAD CMakeFiles/hello_pio.dir/home/pdsilva/.pico-sdk/sdk/2.1.0/src/rp2_common/pico_crt0/crt0.S.o
LOAD CMakeFiles/hello_pio.dir/home/pdsilva/.pico-sdk/sdk/2.1.0/src/rp2_common/pico_clib_interface/newlib_interface.c.o
LOAD CMakeFiles/hello_pio.dir/home/pdsilva/.pico-sdk/sdk/2.1.0/src/rp2_common/pico_stdio/stdio.c.o
LOAD CMakeFiles/hello_pio.dir/home/pdsilva/.pico-sdk/sdk/2.1.0/src/rp2_common/pico_stdio_uart/stdio_uart.c.o
LOAD CMakeFiles/hello_pio.dir/home/pdsilva/.pico-sdk/sdk/2.1.0/src/rp2_common/hardware_pio/pio.c.o
LOAD pico-sdk/src/rp2040/boot_stage2/CMakeFiles/bs2_default_library.dir/./bs2_default_padded_checksummed.S.o
LOAD /home/pdsilva/.pico-sdk/toolchain/13_3_Rel1/bin/../lib/gcc/arm-none-eabi/13.3.1/../../../../arm-none-eabi/lib/thumb/v6-m/nofp/libstdc++.a
LOAD /home/pdsilva/.pico-sdk/toolchain/13_3_Rel1/bin/../lib/gcc/arm-none-eabi/13.3.1/../../../../arm-none-eabi/lib/thumb/v6-m/nofp/libm.a
START GROUP
LOAD /home/pdsilva/.pico-sdk/toolchain/13_3_Rel1/bin/../lib/gcc/arm-none-eabi/13.3.1/thumb/v6-m/nofp/libgcc.a
LOAD /home/pdsilva/.pico-sdk/toolchain/13_3_Rel1/bin/../lib/gcc/arm-none-eabi/13.3.1/../../../../arm-none-eabi/lib/thumb/v6-m/nofp/libg.a
LOAD /home/pdsilva/.pico-sdk/toolchain/13_3_Rel1/bin/../lib/gcc/arm-none-eabi/13.3.1/../../../../arm-none-eabi/lib/thumb/v6-m/nofp/libc.a
END GROUP
START GROUP
LOAD /home/pdsilva/.pico-sdk/toolchain/13_3_Rel1/bin/../lib/gcc/arm-none-eabi/13.3.1/thumb/v6-m/nofp/libgcc.a
LOAD /home/pdsilva/.pico-sdk/toolchain/13_3_Rel1/bin/../lib/gcc/arm-none-eabi/13.3.1/../../../../arm-none-eabi/lib/thumb/v6-m/nofp/libc.a
LOAD /home/pdsilva/.pico-sdk/toolchain/13_3_Rel1/bin/../lib/gcc/arm-none-eabi/13.3.1/../../../../arm-none-eabi/lib/thumb/v6-m/nofp/libnosys.a
END GROUP
LOAD /home/pdsilva/.pico-sdk/toolchain/13_3_Rel1/bin/../lib/gcc/arm-none-eabi/13.3.1/thumb/v6-m/nofp/crtend.o
LOAD /home/pdsilva/.pico-sdk/toolchain/13_3_Rel1/bin/../lib/gcc/arm-none-eabi/13.3.1/thumb/v6-m/nofp/crtn.o
OUTPUT(hello_pio.elf elf32-littlearm)
LOAD linker stubs

.ARM.attributes
                0x00000000       0x28
 .ARM.attributes
                0x00000000       0x1e /home/pdsilva/.pico-sdk/toolchain/13_3_Rel1/bin/../lib/gcc/arm-none-eabi/13.3.1/thumb/v6-m/nofp/crti.o
 .ARM.attributes
                0x0000001e       0x2c /home/pdsilva/.pico-sdk/toolchain/13_3_Rel1/bin/../lib/gcc/arm-none-eabi/13.3.1/thumb/v6-m/nofp/crtbegin.o
 .ARM.attributes
                0x0000004a       0x2c CMakeFiles/hello_pio.dir/hello.c.o
 .ARM.attributes
                0x00000076       0x2c CMakeFiles/hello_pio.dir/home/pdsilva/.pico-sdk/sdk/2.1.0/src/rp2_common/hardware_gpio/gpio.c.o
 .ARM.attributes
                0x000000a2       0x2c CMakeFiles/hello_pio.dir/home/pdsilva/.pico-sdk/sdk/2.1.0/src/rp2_common/pico_platform_panic/panic.c.o
 .ARM.attributes
                0x000000ce       0x2c CMakeFiles/hello_pio.dir/home/pdsilva/.pico-sdk/sdk/2.1.0/src/common/hardware_claim/claim.c.o
 .ARM.attributes
                0x000000fa       0x2c CMakeFiles/hello_pio.dir/home/pdsilva/.pico-sdk/sdk/2.1.0/src/rp2_common/hardware_sync/sync.c.o
 .ARM.attributes
                0x00000126       0x2c CMakeFiles/hello_pio.dir/home/pdsilva/.pico-sdk/sdk/2.1.0/src/rp2_common/hardware_sync_spin_lock/sync_spin_lock.c.o
 .ARM.attributes
                0x00000152       0x2c CMakeFiles/hello_pio.dir/home/pdsilva/.pico-sdk/sdk/2.1.0/src/rp2_common/hardware_irq/irq.c.o
 .ARM.attributes
                0x0000017e       0x2c CMakeFiles/hello_pio.dir/home/pdsilva/.pico-sdk/sdk/2.1.0/src/common/pico_sync/lock_core.c.o
 .ARM.attributes
                0x000001aa       0x2c CMakeFiles/hello_pio.dir/home/pdsilva/.pico-sdk/sdk/2.1.0/src/common/pico_sync/mutex.c.o
 .ARM.attributes
                0x000001d6       0x2c CMakeFiles/hello_pio.dir/home/pdsilva/.pico-sdk/sdk/2.1.0/src/common/pico_time/time.c.o
 .ARM.attributes
                0x00000202       0x2c CMakeFiles/hello_pio.dir/home/pdsilva/.pico-sdk/sdk/2.1.0/src/rp2_common/hardware_timer/timer.c.o
 .ARM.attributes
                0x0000022e       0x2c CMakeFiles/hello_pio.dir/home/pdsilva/.pico-sdk/sdk/2.1.0/src/rp2_common/hardware_clocks/clocks.c.o
 .ARM.attributes
                0x0000025a       0x2c CMakeFiles/hello_pio.dir/home/pdsilva/.pico-sdk/sdk/2.1.0/src/rp2_common/hardware_pll/pll.c.o
 .ARM.attributes
                0x00000286       0x2c CMakeFiles/hello_pio.dir/home/pdsilva/.pico-sdk/sdk/2.1.0/src/rp2_common/hardware_ticks/ticks.c.o
 .ARM.attributes
                0x000002b2       0x2c CMakeFiles/hello_pio.dir/home/pdsilva/.pico-sdk/sdk/2.1.0/src/rp2_common/pico_bootrom/bootrom.c.o
 .ARM.attributes
                0x000002de       0x2c CMakeFiles/hello_pio.dir/home/pdsilva/.pico-sdk/sdk/2.1.0/src/rp2_common/hardware_xosc/xosc.c.o
 .ARM.attributes
                0x0000030a       0x2c CMakeFiles/hello_pio.dir/home/pdsilva/.pico-sdk/sdk/2.1.0/src/rp2_common/pico_runtime/runtime.c.o
 .ARM.attributes
                0x00000336       0x2c CMakeFiles/hello_pio.dir/home/pdsilva/.pico-sdk/sdk/2.1.0/src/rp2_common/pico_runtime_init/runtime_init.c.o
 .ARM.attributes
                0x00000362       0x2c CMakeFiles/hello_pio.dir/home/pdsilva/.pico-sdk/sdk/2.1.0/src/rp2_common/pico_runtime_init/runtime_init_clocks.c.o
 .ARM.attributes
                0x0000038e       0x22 CMakeFiles/hello_pio.dir/home/pdsilva/.pico-sdk/sdk/2.1.0/src/rp2_common/pico_bit_ops/bit_ops_aeabi.S.o
 .ARM.attributes
                0x000003b0       0x22 CMakeFiles/hello_pio.dir/home/pdsilva/.pico-sdk/sdk/2.1.0/src/rp2_common/pico_divider/divider_hardware.S.o
 .ARM.attributes
                0x000003d2       0x22 CMakeFiles/hello_pio.dir/home/pdsilva/.pico-sdk/sdk/2.1.0/src/rp2_common/pico_double/double_aeabi_rp2040.S.o
 .ARM.attributes
                0x000003f4       0x2c CMakeFiles/hello_pio.dir/home/pdsilva/.pico-sdk/sdk/2.1.0/src/rp2_common/pico_double/double_init_rom_rp2040.c.o
 .ARM.attributes
                0x00000420       0x22 CMakeFiles/hello_pio.dir/home/pdsilva/.pico-sdk/sdk/2.1.0/src/rp2_common/pico_double/double_v1_rom_shim_rp2040.S.o
 .ARM.attributes
                0x00000442       0x22 CMakeFiles/hello_pio.dir/home/pdsilva/.pico-sdk/sdk/2.1.0/src/rp2_common/pico_int64_ops/pico_int64_ops_aeabi.S.o
 .ARM.attributes
                0x00000464       0x22 CMakeFiles/hello_pio.dir/home/pdsilva/.pico-sdk/sdk/2.1.0/src/rp2_common/pico_float/float_aeabi_rp2040.S.o
 .ARM.attributes
                0x00000486       0x2c CMakeFiles/hello_pio.dir/home/pdsilva/.pico-sdk/sdk/2.1.0/src/rp2_common/pico_float/float_init_rom_rp2040.c.o
 .ARM.attributes
                0x000004b2       0x22 CMakeFiles/hello_pio.dir/home/pdsilva/.pico-sdk/sdk/2.1.0/src/rp2_common/pico_float/float_v1_rom_shim_rp2040.S.o
 .ARM.attributes
                0x000004d4       0x22 CMakeFiles/hello_pio.dir/home/pdsilva/.pico-sdk/sdk/2.1.0/src/rp2_common/pico_mem_ops/mem_ops_aeabi.S.o
 .ARM.attributes
                0x000004f6       0x2c CMakeFiles/hello_pio.dir/home/pdsilva/.pico-sdk/sdk/2.1.0/src/rp2_common/pico_standard_binary_info/standard_binary_info.c.o
 .ARM.attributes
                0x00000522       0x2c CMakeFiles/hello_pio.dir/home/pdsilva/.pico-sdk/sdk/2.1.0/src/rp2_common/pico_printf/printf.c.o
 .ARM.attributes
                0x0000054e       0x22 CMakeFiles/hello_pio.dir/home/pdsilva/.pico-sdk/sdk/2.1.0/src/rp2_common/pico_crt0/crt0.S.o
 .ARM.attributes
                0x00000570       0x2c CMakeFiles/hello_pio.dir/home/pdsilva/.pico-sdk/sdk/2.1.0/src/rp2_common/pico_clib_interface/newlib_interface.c.o
 .ARM.attributes
                0x0000059c       0x2c CMakeFiles/hello_pio.dir/home/pdsilva/.pico-sdk/sdk/2.1.0/src/rp2_common/pico_stdio/stdio.c.o
 .ARM.attributes
                0x000005c8       0x2c CMakeFiles/hello_pio.dir/home/pdsilva/.pico-sdk/sdk/2.1.0/src/rp2_common/hardware_pio/pio.c.o
 .ARM.attributes
                0x000005f4       0x22 pico-sdk/src/rp2040/boot_stage2/CMakeFiles/bs2_default_library.dir/./bs2_default_padded_checksummed.S.o
 .ARM.attributes
                0x00000616       0x1e /home/pdsilva/.pico-sdk/toolchain/13_3_Rel1/bin/../lib/gcc/arm-none-eabi/13.3.1/thumb/v6-m/nofp/libgcc.a(_dvmd_tls.o)
 .ARM.attributes
                0x00000634       0x2c /home/pdsilva/.pico-sdk/toolchain/13_3_Rel1/bin/../lib/gcc/arm-none-eabi/13.3.1/../../../../arm-none-eabi/lib/thumb/v6-m/nofp/libg.a(libc_a-strlen-stub.o)
 .ARM.attributes
                0x00000660       0x2c /home/pdsilva/.pico-sdk/toolchain/13_3_Rel1/bin/../lib/gcc/arm-none-eabi/13.3.1/thumb/v6-m/nofp/crtend.o

.comment        0x00000000       0x45
 .comment       0x00000000       0x45 CMakeFiles/hello_pio.dir/hello.c.o
                                 0x46 (size before relaxing)
 .comment       0x00000045       0x46 CMakeFiles/hello_pio.dir/home/pdsilva/.pico-sdk/sdk/2.1.0/src/rp2_common/hardware_gpio/gpio.c.o
 .comment       0x00000045       0x46 CMakeFiles/hello_pio.dir/home/pdsilva/.pico-sdk/sdk/2.1.0/src/rp2_common/pico_platform_panic/panic.c.o
 .comment       0x00000045       0x46 CMakeFiles/hello_pio.dir/home/pdsilva/.pico-sdk/sdk/2.1.0/src/common/hardware_claim/claim.c.o
 .comment       0x00000045       0x46 CMakeFiles/hello_pio.dir/home/pdsilva/.pico-sdk/sdk/2.1.0/src/rp2_common/hardware_sync/sync.c.o
 .comment       0x00000045       0x46 CMakeFiles/hello_pio.dir/home/pdsilva/.pico-sdk/sdk/2.1.0/src/rp2_common/hardware_sync_spin_lock/sync_spin_lock.c.o
 .comment       0x00000045       0x46 CMakeFiles/hello_pio.dir/home/pdsilva/.pico-sdk/sdk/2.1.0/src/rp2_common/hardware_irq/irq.c.o
 .comment       0x00000045       0x46 CMakeFiles/hello_pio.dir/home/pdsilva/.pico-sdk/sdk/2.1.0/src/common/pico_sync/lock_core.c.o
 .comment       0x00000045       0x46 CMakeFiles/hello_pio.dir/home/pdsilva/.pico-sdk/sdk/2.1.0/src/common/pico_sync/mutex.c.o
 .comment       0x00000045       0x46 CMakeFiles/hello_pio.dir/home/pdsilva/.pico-sdk/sdk/2.1.0/src/common/pico_time/time.c.o
 .comment       0x00000045       0x46 CMakeFiles/hello_pio.dir/home/pdsilva/.pico-sdk/sdk/2.1.0/src/rp2_common/hardware_timer/timer.c.o
 .comment       0x00000045       0x46 CMakeFiles/hello_pio.dir/home/pdsilva/.pico-sdk/sdk/2.1.0/src/rp2_common/hardware_clocks/clocks.c.o
 .comment       0x00000045       0x46 CMakeFiles/hello_pio.dir/home/pdsilva/.pico-sdk/sdk/2.1.0/src/rp2_common/hardware_pll/pll.c.o
 .comment       0x00000045       0x46 CMakeFiles/hello_pio.dir/home/pdsilva/.pico-sdk/sdk/2.1.0/src/rp2_common/hardware_ticks/ticks.c.o
 .comment       0x00000045       0x46 CMakeFiles/hello_pio.dir/home/pdsilva/.pico-sdk/sdk/2.1.0/src/rp2_common/pico_bootrom/bootrom.c.o
 .comment       0x00000045       0x46 CMakeFiles/hello_pio.dir/home/pdsilva/.pico-sdk/sdk/2.1.0/src/rp2_common/hardware_xosc/xosc.c.o
 .comment       0x00000045       0x46 CMakeFiles/hello_pio.dir/home/pdsilva/.pico-sdk/sdk/2.1.0/src/rp2_common/pico_runtime/runtime.c.o
 .comment       0x00000045       0x46 CMakeFiles/hello_pio.dir/home/pdsilva/.pico-sdk/sdk/2.1.0/src/rp2_common/pico_runtime_init/runtime_init.c.o
 .comment       0x00000045       0x46 CMakeFiles/hello_pio.dir/home/pdsilva/.pico-sdk/sdk/2.1.0/src/rp2_common/pico_runtime_init/runtime_init_clocks.c.o
 .comment       0x00000045       0x46 CMakeFiles/hello_pio.dir/home/pdsilva/.pico-sdk/sdk/2.1.0/src/rp2_common/pico_double/double_init_rom_rp2040.c.o
 .comment       0x00000045       0x46 CMakeFiles/hello_pio.dir/home/pdsilva/.pico-sdk/sdk/2.1.0/src/rp2_common/pico_float/float_init_rom_rp2040.c.o
 .comment       0x00000045       0x46 CMakeFiles/hello_pio.dir/home/pdsilva/.pico-sdk/sdk/2.1.0/src/rp2_common/pico_standard_binary_info/standard_binary_info.c.o
 .comment       0x00000045       0x46 CMakeFiles/hello_pio.dir/home/pdsilva/.pico-sdk/sdk/2.1.0/src/rp2_common/pico_printf/printf.c.o
 .comment       0x00000045       0x46 CMakeFiles/hello_pio.dir/home/pdsilva/.pico-sdk/sdk/2.1.0/src/rp2_common/pico_clib_interface/newlib_interface.c.o
 .comment       0x00000045       0x46 CMakeFiles/hello_pio.dir/home/pdsilva/.pico-sdk/sdk/2.1.0/src/rp2_common/pico_stdio/stdio.c.o
 .comment       0x00000045       0x46 CMakeFiles/hello_pio.dir/home/pdsilva/.pico-sdk/sdk/2.1.0/src/rp2_common/hardware_pio/pio.c.o

.debug_info     0x00000000    0x1d302
 .debug_info    0x00000000     0x1210 CMakeFiles/hello_pio.dir/hello.c.o
 .debug_info    0x00001210     0x2437 CMakeFiles/hello_pio.dir/home/pdsilva/.pico-sdk/sdk/2.1.0/src/rp2_common/hardware_gpio/gpio.c.o
 .debug_info    0x00003647      0x1bf CMakeFiles/hello_pio.dir/home/pdsilva/.pico-sdk/sdk/2.1.0/src/rp2_common/pico_platform_panic/panic.c.o
 .debug_info    0x00003806      0x995 CMakeFiles/hello_pio.dir/home/pdsilva/.pico-sdk/sdk/2.1.0/src/common/hardware_claim/claim.c.o
 .debug_info    0x0000419b      0x458 CMakeFiles/hello_pio.dir/home/pdsilva/.pico-sdk/sdk/2.1.0/src/rp2_common/hardware_sync/sync.c.o
 .debug_info    0x000045f3      0x245 CMakeFiles/hello_pio.dir/home/pdsilva/.pico-sdk/sdk/2.1.0/src/rp2_common/hardware_sync_spin_lock/sync_spin_lock.c.o
 .debug_info    0x00004838     0x21a8 CMakeFiles/hello_pio.dir/home/pdsilva/.pico-sdk/sdk/2.1.0/src/rp2_common/hardware_irq/irq.c.o
 .debug_info    0x000069e0      0x15f CMakeFiles/hello_pio.dir/home/pdsilva/.pico-sdk/sdk/2.1.0/src/common/pico_sync/lock_core.c.o
 .debug_info    0x00006b3f     0x2803 CMakeFiles/hello_pio.dir/home/pdsilva/.pico-sdk/sdk/2.1.0/src/common/pico_sync/mutex.c.o
 .debug_info    0x00009342     0x485e CMakeFiles/hello_pio.dir/home/pdsilva/.pico-sdk/sdk/2.1.0/src/common/pico_time/time.c.o
 .debug_info    0x0000dba0     0x2b11 CMakeFiles/hello_pio.dir/home/pdsilva/.pico-sdk/sdk/2.1.0/src/rp2_common/hardware_timer/timer.c.o
 .debug_info    0x000106b1     0x2935 CMakeFiles/hello_pio.dir/home/pdsilva/.pico-sdk/sdk/2.1.0/src/rp2_common/hardware_clocks/clocks.c.o
 .debug_info    0x00012fe6      0x4e5 CMakeFiles/hello_pio.dir/home/pdsilva/.pico-sdk/sdk/2.1.0/src/rp2_common/hardware_pll/pll.c.o
 .debug_info    0x000134cb      0x248 CMakeFiles/hello_pio.dir/home/pdsilva/.pico-sdk/sdk/2.1.0/src/rp2_common/hardware_ticks/ticks.c.o
 .debug_info    0x00013713      0x633 CMakeFiles/hello_pio.dir/home/pdsilva/.pico-sdk/sdk/2.1.0/src/rp2_common/pico_bootrom/bootrom.c.o
 .debug_info    0x00013d46      0x1cc CMakeFiles/hello_pio.dir/home/pdsilva/.pico-sdk/sdk/2.1.0/src/rp2_common/hardware_xosc/xosc.c.o
 .debug_info    0x00013f12      0x21a CMakeFiles/hello_pio.dir/home/pdsilva/.pico-sdk/sdk/2.1.0/src/rp2_common/pico_runtime/runtime.c.o
 .debug_info    0x0001412c      0x795 CMakeFiles/hello_pio.dir/home/pdsilva/.pico-sdk/sdk/2.1.0/src/rp2_common/pico_runtime_init/runtime_init.c.o
 .debug_info    0x000148c1      0x780 CMakeFiles/hello_pio.dir/home/pdsilva/.pico-sdk/sdk/2.1.0/src/rp2_common/pico_runtime_init/runtime_init_clocks.c.o
 .debug_info    0x00015041       0x23 CMakeFiles/hello_pio.dir/home/pdsilva/.pico-sdk/sdk/2.1.0/src/rp2_common/pico_bit_ops/bit_ops_aeabi.S.o
 .debug_info    0x00015064       0x23 CMakeFiles/hello_pio.dir/home/pdsilva/.pico-sdk/sdk/2.1.0/src/rp2_common/pico_divider/divider_hardware.S.o
 .debug_info    0x00015087       0x23 CMakeFiles/hello_pio.dir/home/pdsilva/.pico-sdk/sdk/2.1.0/src/rp2_common/pico_double/double_aeabi_rp2040.S.o
 .debug_info    0x000150aa      0x28a CMakeFiles/hello_pio.dir/home/pdsilva/.pico-sdk/sdk/2.1.0/src/rp2_common/pico_double/double_init_rom_rp2040.c.o
 .debug_info    0x00015334       0x23 CMakeFiles/hello_pio.dir/home/pdsilva/.pico-sdk/sdk/2.1.0/src/rp2_common/pico_double/double_v1_rom_shim_rp2040.S.o
 .debug_info    0x00015357       0x24 CMakeFiles/hello_pio.dir/home/pdsilva/.pico-sdk/sdk/2.1.0/src/rp2_common/pico_int64_ops/pico_int64_ops_aeabi.S.o
 .debug_info    0x0001537b       0x23 CMakeFiles/hello_pio.dir/home/pdsilva/.pico-sdk/sdk/2.1.0/src/rp2_common/pico_float/float_aeabi_rp2040.S.o
 .debug_info    0x0001539e      0x28a CMakeFiles/hello_pio.dir/home/pdsilva/.pico-sdk/sdk/2.1.0/src/rp2_common/pico_float/float_init_rom_rp2040.c.o
 .debug_info    0x00015628       0x23 CMakeFiles/hello_pio.dir/home/pdsilva/.pico-sdk/sdk/2.1.0/src/rp2_common/pico_float/float_v1_rom_shim_rp2040.S.o
 .debug_info    0x0001564b       0x23 CMakeFiles/hello_pio.dir/home/pdsilva/.pico-sdk/sdk/2.1.0/src/rp2_common/pico_mem_ops/mem_ops_aeabi.S.o
 .debug_info    0x0001566e      0x2b8 CMakeFiles/hello_pio.dir/home/pdsilva/.pico-sdk/sdk/2.1.0/src/rp2_common/pico_standard_binary_info/standard_binary_info.c.o
 .debug_info    0x00015926     0x211a CMakeFiles/hello_pio.dir/home/pdsilva/.pico-sdk/sdk/2.1.0/src/rp2_common/pico_printf/printf.c.o
 .debug_info    0x00017a40       0x23 CMakeFiles/hello_pio.dir/home/pdsilva/.pico-sdk/sdk/2.1.0/src/rp2_common/pico_crt0/crt0.S.o
 .debug_info    0x00017a63      0xb54 CMakeFiles/hello_pio.dir/home/pdsilva/.pico-sdk/sdk/2.1.0/src/rp2_common/pico_clib_interface/newlib_interface.c.o
 .debug_info    0x000185b7     0x1cdd CMakeFiles/hello_pio.dir/home/pdsilva/.pico-sdk/sdk/2.1.0/src/rp2_common/pico_stdio/stdio.c.o
 .debug_info    0x0001a294     0x306e CMakeFiles/hello_pio.dir/home/pdsilva/.pico-sdk/sdk/2.1.0/src/rp2_common/hardware_pio/pio.c.o

.debug_abbrev   0x00000000     0x50c5
 .debug_abbrev  0x00000000      0x3c9 CMakeFiles/hello_pio.dir/hello.c.o
 .debug_abbrev  0x000003c9      0x4f9 CMakeFiles/hello_pio.dir/home/pdsilva/.pico-sdk/sdk/2.1.0/src/rp2_common/hardware_gpio/gpio.c.o
 .debug_abbrev  0x000008c2      0x12b CMakeFiles/hello_pio.dir/home/pdsilva/.pico-sdk/sdk/2.1.0/src/rp2_common/pico_platform_panic/panic.c.o
 .debug_abbrev  0x000009ed      0x33b CMakeFiles/hello_pio.dir/home/pdsilva/.pico-sdk/sdk/2.1.0/src/common/hardware_claim/claim.c.o
 .debug_abbrev  0x00000d28      0x20d CMakeFiles/hello_pio.dir/home/pdsilva/.pico-sdk/sdk/2.1.0/src/rp2_common/hardware_sync/sync.c.o
 .debug_abbrev  0x00000f35      0x1bb CMakeFiles/hello_pio.dir/home/pdsilva/.pico-sdk/sdk/2.1.0/src/rp2_common/hardware_sync_spin_lock/sync_spin_lock.c.o
 .debug_abbrev  0x000010f0      0x5ff CMakeFiles/hello_pio.dir/home/pdsilva/.pico-sdk/sdk/2.1.0/src/rp2_common/hardware_irq/irq.c.o
 .debug_abbrev  0x000016ef       0xee CMakeFiles/hello_pio.dir/home/pdsilva/.pico-sdk/sdk/2.1.0/src/common/pico_sync/lock_core.c.o
 .debug_abbrev  0x000017dd      0x48c CMakeFiles/hello_pio.dir/home/pdsilva/.pico-sdk/sdk/2.1.0/src/common/pico_sync/mutex.c.o
 .debug_abbrev  0x00001c69      0x67b CMakeFiles/hello_pio.dir/home/pdsilva/.pico-sdk/sdk/2.1.0/src/common/pico_time/time.c.o
 .debug_abbrev  0x000022e4      0x4f2 CMakeFiles/hello_pio.dir/home/pdsilva/.pico-sdk/sdk/2.1.0/src/rp2_common/hardware_timer/timer.c.o
 .debug_abbrev  0x000027d6      0x4e2 CMakeFiles/hello_pio.dir/home/pdsilva/.pico-sdk/sdk/2.1.0/src/rp2_common/hardware_clocks/clocks.c.o
 .debug_abbrev  0x00002cb8      0x1d2 CMakeFiles/hello_pio.dir/home/pdsilva/.pico-sdk/sdk/2.1.0/src/rp2_common/hardware_pll/pll.c.o
 .debug_abbrev  0x00002e8a      0x145 CMakeFiles/hello_pio.dir/home/pdsilva/.pico-sdk/sdk/2.1.0/src/rp2_common/hardware_ticks/ticks.c.o
 .debug_abbrev  0x00002fcf      0x1d7 CMakeFiles/hello_pio.dir/home/pdsilva/.pico-sdk/sdk/2.1.0/src/rp2_common/pico_bootrom/bootrom.c.o
 .debug_abbrev  0x000031a6      0x11b CMakeFiles/hello_pio.dir/home/pdsilva/.pico-sdk/sdk/2.1.0/src/rp2_common/hardware_xosc/xosc.c.o
 .debug_abbrev  0x000032c1      0x182 CMakeFiles/hello_pio.dir/home/pdsilva/.pico-sdk/sdk/2.1.0/src/rp2_common/pico_runtime/runtime.c.o
 .debug_abbrev  0x00003443      0x222 CMakeFiles/hello_pio.dir/home/pdsilva/.pico-sdk/sdk/2.1.0/src/rp2_common/pico_runtime_init/runtime_init.c.o
 .debug_abbrev  0x00003665      0x294 CMakeFiles/hello_pio.dir/home/pdsilva/.pico-sdk/sdk/2.1.0/src/rp2_common/pico_runtime_init/runtime_init_clocks.c.o
 .debug_abbrev  0x000038f9       0x12 CMakeFiles/hello_pio.dir/home/pdsilva/.pico-sdk/sdk/2.1.0/src/rp2_common/pico_bit_ops/bit_ops_aeabi.S.o
 .debug_abbrev  0x0000390b       0x12 CMakeFiles/hello_pio.dir/home/pdsilva/.pico-sdk/sdk/2.1.0/src/rp2_common/pico_divider/divider_hardware.S.o
 .debug_abbrev  0x0000391d       0x12 CMakeFiles/hello_pio.dir/home/pdsilva/.pico-sdk/sdk/2.1.0/src/rp2_common/pico_double/double_aeabi_rp2040.S.o
 .debug_abbrev  0x0000392f      0x17a CMakeFiles/hello_pio.dir/home/pdsilva/.pico-sdk/sdk/2.1.0/src/rp2_common/pico_double/double_init_rom_rp2040.c.o
 .debug_abbrev  0x00003aa9       0x12 CMakeFiles/hello_pio.dir/home/pdsilva/.pico-sdk/sdk/2.1.0/src/rp2_common/pico_double/double_v1_rom_shim_rp2040.S.o
 .debug_abbrev  0x00003abb       0x14 CMakeFiles/hello_pio.dir/home/pdsilva/.pico-sdk/sdk/2.1.0/src/rp2_common/pico_int64_ops/pico_int64_ops_aeabi.S.o
 .debug_abbrev  0x00003acf       0x12 CMakeFiles/hello_pio.dir/home/pdsilva/.pico-sdk/sdk/2.1.0/src/rp2_common/pico_float/float_aeabi_rp2040.S.o
 .debug_abbrev  0x00003ae1      0x173 CMakeFiles/hello_pio.dir/home/pdsilva/.pico-sdk/sdk/2.1.0/src/rp2_common/pico_float/float_init_rom_rp2040.c.o
 .debug_abbrev  0x00003c54       0x12 CMakeFiles/hello_pio.dir/home/pdsilva/.pico-sdk/sdk/2.1.0/src/rp2_common/pico_float/float_v1_rom_shim_rp2040.S.o
 .debug_abbrev  0x00003c66       0x12 CMakeFiles/hello_pio.dir/home/pdsilva/.pico-sdk/sdk/2.1.0/src/rp2_common/pico_mem_ops/mem_ops_aeabi.S.o
 .debug_abbrev  0x00003c78       0xb8 CMakeFiles/hello_pio.dir/home/pdsilva/.pico-sdk/sdk/2.1.0/src/rp2_common/pico_standard_binary_info/standard_binary_info.c.o
 .debug_abbrev  0x00003d30      0x525 CMakeFiles/hello_pio.dir/home/pdsilva/.pico-sdk/sdk/2.1.0/src/rp2_common/pico_printf/printf.c.o
 .debug_abbrev  0x00004255       0x12 CMakeFiles/hello_pio.dir/home/pdsilva/.pico-sdk/sdk/2.1.0/src/rp2_common/pico_crt0/crt0.S.o
 .debug_abbrev  0x00004267      0x352 CMakeFiles/hello_pio.dir/home/pdsilva/.pico-sdk/sdk/2.1.0/src/rp2_common/pico_clib_interface/newlib_interface.c.o
 .debug_abbrev  0x000045b9      0x5eb CMakeFiles/hello_pio.dir/home/pdsilva/.pico-sdk/sdk/2.1.0/src/rp2_common/pico_stdio/stdio.c.o
 .debug_abbrev  0x00004ba4      0x521 CMakeFiles/hello_pio.dir/home/pdsilva/.pico-sdk/sdk/2.1.0/src/rp2_common/hardware_pio/pio.c.o

.debug_loclists
                0x00000000    0x111ea
 .debug_loclists
                0x00000000      0x300 CMakeFiles/hello_pio.dir/hello.c.o
 .debug_loclists
                0x00000300     0x1a03 CMakeFiles/hello_pio.dir/home/pdsilva/.pico-sdk/sdk/2.1.0/src/rp2_common/hardware_gpio/gpio.c.o
 .debug_loclists
                0x00001d03      0x36e CMakeFiles/hello_pio.dir/home/pdsilva/.pico-sdk/sdk/2.1.0/src/common/hardware_claim/claim.c.o
 .debug_loclists
                0x00002071       0xf1 CMakeFiles/hello_pio.dir/home/pdsilva/.pico-sdk/sdk/2.1.0/src/rp2_common/hardware_sync/sync.c.o
 .debug_loclists
                0x00002162       0x7d CMakeFiles/hello_pio.dir/home/pdsilva/.pico-sdk/sdk/2.1.0/src/rp2_common/hardware_sync_spin_lock/sync_spin_lock.c.o
 .debug_loclists
                0x000021df     0x116f CMakeFiles/hello_pio.dir/home/pdsilva/.pico-sdk/sdk/2.1.0/src/rp2_common/hardware_irq/irq.c.o
 .debug_loclists
                0x0000334e       0x41 CMakeFiles/hello_pio.dir/home/pdsilva/.pico-sdk/sdk/2.1.0/src/common/pico_sync/lock_core.c.o
 .debug_loclists
                0x0000338f      0xafa CMakeFiles/hello_pio.dir/home/pdsilva/.pico-sdk/sdk/2.1.0/src/common/pico_sync/mutex.c.o
 .debug_loclists
                0x00003e89     0x24bd CMakeFiles/hello_pio.dir/home/pdsilva/.pico-sdk/sdk/2.1.0/src/common/pico_time/time.c.o
 .debug_loclists
                0x00006346     0x1a12 CMakeFiles/hello_pio.dir/home/pdsilva/.pico-sdk/sdk/2.1.0/src/rp2_common/hardware_timer/timer.c.o
 .debug_loclists
                0x00007d58     0x28a5 CMakeFiles/hello_pio.dir/home/pdsilva/.pico-sdk/sdk/2.1.0/src/rp2_common/hardware_clocks/clocks.c.o
 .debug_loclists
                0x0000a5fd      0x1e0 CMakeFiles/hello_pio.dir/home/pdsilva/.pico-sdk/sdk/2.1.0/src/rp2_common/hardware_pll/pll.c.o
 .debug_loclists
                0x0000a7dd       0x47 CMakeFiles/hello_pio.dir/home/pdsilva/.pico-sdk/sdk/2.1.0/src/rp2_common/hardware_ticks/ticks.c.o
 .debug_loclists
                0x0000a824      0x38a CMakeFiles/hello_pio.dir/home/pdsilva/.pico-sdk/sdk/2.1.0/src/rp2_common/pico_bootrom/bootrom.c.o
 .debug_loclists
                0x0000abae       0x48 CMakeFiles/hello_pio.dir/home/pdsilva/.pico-sdk/sdk/2.1.0/src/rp2_common/hardware_xosc/xosc.c.o
 .debug_loclists
                0x0000abf6       0x7e CMakeFiles/hello_pio.dir/home/pdsilva/.pico-sdk/sdk/2.1.0/src/rp2_common/pico_runtime/runtime.c.o
 .debug_loclists
                0x0000ac74       0xba CMakeFiles/hello_pio.dir/home/pdsilva/.pico-sdk/sdk/2.1.0/src/rp2_common/pico_runtime_init/runtime_init.c.o
 .debug_loclists
                0x0000ad2e       0x74 CMakeFiles/hello_pio.dir/home/pdsilva/.pico-sdk/sdk/2.1.0/src/rp2_common/pico_runtime_init/runtime_init_clocks.c.o
 .debug_loclists
                0x0000ada2       0x3d CMakeFiles/hello_pio.dir/home/pdsilva/.pico-sdk/sdk/2.1.0/src/rp2_common/pico_double/double_init_rom_rp2040.c.o
 .debug_loclists
                0x0000addf       0x59 CMakeFiles/hello_pio.dir/home/pdsilva/.pico-sdk/sdk/2.1.0/src/rp2_common/pico_float/float_init_rom_rp2040.c.o
 .debug_loclists
                0x0000ae38     0x2f65 CMakeFiles/hello_pio.dir/home/pdsilva/.pico-sdk/sdk/2.1.0/src/rp2_common/pico_printf/printf.c.o
 .debug_loclists
                0x0000dd9d      0x431 CMakeFiles/hello_pio.dir/home/pdsilva/.pico-sdk/sdk/2.1.0/src/rp2_common/pico_clib_interface/newlib_interface.c.o
 .debug_loclists
                0x0000e1ce      0xeab CMakeFiles/hello_pio.dir/home/pdsilva/.pico-sdk/sdk/2.1.0/src/rp2_common/pico_stdio/stdio.c.o
 .debug_loclists
                0x0000f079     0x2171 CMakeFiles/hello_pio.dir/home/pdsilva/.pico-sdk/sdk/2.1.0/src/rp2_common/hardware_pio/pio.c.o

.debug_aranges  0x00000000      0xf20
 .debug_aranges
                0x00000000       0x20 CMakeFiles/hello_pio.dir/hello.c.o
 .debug_aranges
                0x00000020      0x120 CMakeFiles/hello_pio.dir/home/pdsilva/.pico-sdk/sdk/2.1.0/src/rp2_common/hardware_gpio/gpio.c.o
 .debug_aranges
                0x00000140       0x28 CMakeFiles/hello_pio.dir/home/pdsilva/.pico-sdk/sdk/2.1.0/src/rp2_common/pico_platform_panic/panic.c.o
 .debug_aranges
                0x00000168       0x48 CMakeFiles/hello_pio.dir/home/pdsilva/.pico-sdk/sdk/2.1.0/src/common/hardware_claim/claim.c.o
 .debug_aranges
                0x000001b0       0x48 CMakeFiles/hello_pio.dir/home/pdsilva/.pico-sdk/sdk/2.1.0/src/rp2_common/hardware_sync/sync.c.o
 .debug_aranges
                0x000001f8       0x28 CMakeFiles/hello_pio.dir/home/pdsilva/.pico-sdk/sdk/2.1.0/src/rp2_common/hardware_sync_spin_lock/sync_spin_lock.c.o
 .debug_aranges
                0x00000220       0xb0 CMakeFiles/hello_pio.dir/home/pdsilva/.pico-sdk/sdk/2.1.0/src/rp2_common/hardware_irq/irq.c.o
 .debug_aranges
                0x000002d0       0x20 CMakeFiles/hello_pio.dir/home/pdsilva/.pico-sdk/sdk/2.1.0/src/common/pico_sync/lock_core.c.o
 .debug_aranges
                0x000002f0       0x98 CMakeFiles/hello_pio.dir/home/pdsilva/.pico-sdk/sdk/2.1.0/src/common/pico_sync/mutex.c.o
 .debug_aranges
                0x00000388       0xe0 CMakeFiles/hello_pio.dir/home/pdsilva/.pico-sdk/sdk/2.1.0/src/common/pico_time/time.c.o
 .debug_aranges
                0x00000468       0xf0 CMakeFiles/hello_pio.dir/home/pdsilva/.pico-sdk/sdk/2.1.0/src/rp2_common/hardware_timer/timer.c.o
 .debug_aranges
                0x00000558       0x90 CMakeFiles/hello_pio.dir/home/pdsilva/.pico-sdk/sdk/2.1.0/src/rp2_common/hardware_clocks/clocks.c.o
 .debug_aranges
                0x000005e8       0x28 CMakeFiles/hello_pio.dir/home/pdsilva/.pico-sdk/sdk/2.1.0/src/rp2_common/hardware_pll/pll.c.o
 .debug_aranges
                0x00000610       0x30 CMakeFiles/hello_pio.dir/home/pdsilva/.pico-sdk/sdk/2.1.0/src/rp2_common/hardware_ticks/ticks.c.o
 .debug_aranges
                0x00000640       0x40 CMakeFiles/hello_pio.dir/home/pdsilva/.pico-sdk/sdk/2.1.0/src/rp2_common/pico_bootrom/bootrom.c.o
 .debug_aranges
                0x00000680       0x30 CMakeFiles/hello_pio.dir/home/pdsilva/.pico-sdk/sdk/2.1.0/src/rp2_common/hardware_xosc/xosc.c.o
 .debug_aranges
                0x000006b0       0x38 CMakeFiles/hello_pio.dir/home/pdsilva/.pico-sdk/sdk/2.1.0/src/rp2_common/pico_runtime/runtime.c.o
 .debug_aranges
                0x000006e8       0x48 CMakeFiles/hello_pio.dir/home/pdsilva/.pico-sdk/sdk/2.1.0/src/rp2_common/pico_runtime_init/runtime_init.c.o
 .debug_aranges
                0x00000730       0x20 CMakeFiles/hello_pio.dir/home/pdsilva/.pico-sdk/sdk/2.1.0/src/rp2_common/pico_runtime_init/runtime_init_clocks.c.o
 .debug_aranges
                0x00000750       0x60 CMakeFiles/hello_pio.dir/home/pdsilva/.pico-sdk/sdk/2.1.0/src/rp2_common/pico_bit_ops/bit_ops_aeabi.S.o
 .debug_aranges
                0x000007b0       0x40 CMakeFiles/hello_pio.dir/home/pdsilva/.pico-sdk/sdk/2.1.0/src/rp2_common/pico_divider/divider_hardware.S.o
 .debug_aranges
                0x000007f0      0x140 CMakeFiles/hello_pio.dir/home/pdsilva/.pico-sdk/sdk/2.1.0/src/rp2_common/pico_double/double_aeabi_rp2040.S.o
 .debug_aranges
                0x00000930       0x20 CMakeFiles/hello_pio.dir/home/pdsilva/.pico-sdk/sdk/2.1.0/src/rp2_common/pico_double/double_init_rom_rp2040.c.o
 .debug_aranges
                0x00000950       0xc8 CMakeFiles/hello_pio.dir/home/pdsilva/.pico-sdk/sdk/2.1.0/src/rp2_common/pico_double/double_v1_rom_shim_rp2040.S.o
 .debug_aranges
                0x00000a18       0x20 CMakeFiles/hello_pio.dir/home/pdsilva/.pico-sdk/sdk/2.1.0/src/rp2_common/pico_int64_ops/pico_int64_ops_aeabi.S.o
 .debug_aranges
                0x00000a38      0x130 CMakeFiles/hello_pio.dir/home/pdsilva/.pico-sdk/sdk/2.1.0/src/rp2_common/pico_float/float_aeabi_rp2040.S.o
 .debug_aranges
                0x00000b68       0x20 CMakeFiles/hello_pio.dir/home/pdsilva/.pico-sdk/sdk/2.1.0/src/rp2_common/pico_float/float_init_rom_rp2040.c.o
 .debug_aranges
                0x00000b88       0x50 CMakeFiles/hello_pio.dir/home/pdsilva/.pico-sdk/sdk/2.1.0/src/rp2_common/pico_float/float_v1_rom_shim_rp2040.S.o
 .debug_aranges
                0x00000bd8       0x38 CMakeFiles/hello_pio.dir/home/pdsilva/.pico-sdk/sdk/2.1.0/src/rp2_common/pico_mem_ops/mem_ops_aeabi.S.o
 .debug_aranges
                0x00000c10       0x18 CMakeFiles/hello_pio.dir/home/pdsilva/.pico-sdk/sdk/2.1.0/src/rp2_common/pico_standard_binary_info/standard_binary_info.c.o
 .debug_aranges
                0x00000c28       0x90 CMakeFiles/hello_pio.dir/home/pdsilva/.pico-sdk/sdk/2.1.0/src/rp2_common/pico_printf/printf.c.o
 .debug_aranges
                0x00000cb8       0x28 CMakeFiles/hello_pio.dir/home/pdsilva/.pico-sdk/sdk/2.1.0/src/rp2_common/pico_crt0/crt0.S.o
 .debug_aranges
                0x00000ce0       0xa0 CMakeFiles/hello_pio.dir/home/pdsilva/.pico-sdk/sdk/2.1.0/src/rp2_common/pico_clib_interface/newlib_interface.c.o
 .debug_aranges
                0x00000d80       0xc8 CMakeFiles/hello_pio.dir/home/pdsilva/.pico-sdk/sdk/2.1.0/src/rp2_common/pico_stdio/stdio.c.o
 .debug_aranges
                0x00000e48       0xd8 CMakeFiles/hello_pio.dir/home/pdsilva/.pico-sdk/sdk/2.1.0/src/rp2_common/hardware_pio/pio.c.o

.debug_rnglists
                0x00000000     0x2e36
 .debug_rnglists
                0x00000000       0xd0 CMakeFiles/hello_pio.dir/hello.c.o
 .debug_rnglists
                0x000000d0      0x5c7 CMakeFiles/hello_pio.dir/home/pdsilva/.pico-sdk/sdk/2.1.0/src/rp2_common/hardware_gpio/gpio.c.o
 .debug_rnglists
                0x00000697       0x19 CMakeFiles/hello_pio.dir/home/pdsilva/.pico-sdk/sdk/2.1.0/src/rp2_common/pico_platform_panic/panic.c.o
 .debug_rnglists
                0x000006b0       0xc5 CMakeFiles/hello_pio.dir/home/pdsilva/.pico-sdk/sdk/2.1.0/src/common/hardware_claim/claim.c.o
 .debug_rnglists
                0x00000775       0x67 CMakeFiles/hello_pio.dir/home/pdsilva/.pico-sdk/sdk/2.1.0/src/rp2_common/hardware_sync/sync.c.o
 .debug_rnglists
                0x000007dc       0x3d CMakeFiles/hello_pio.dir/home/pdsilva/.pico-sdk/sdk/2.1.0/src/rp2_common/hardware_sync_spin_lock/sync_spin_lock.c.o
 .debug_rnglists
                0x00000819      0x355 CMakeFiles/hello_pio.dir/home/pdsilva/.pico-sdk/sdk/2.1.0/src/rp2_common/hardware_irq/irq.c.o
 .debug_rnglists
                0x00000b6e       0x1f CMakeFiles/hello_pio.dir/home/pdsilva/.pico-sdk/sdk/2.1.0/src/common/pico_sync/lock_core.c.o
 .debug_rnglists
                0x00000b8d      0x32c CMakeFiles/hello_pio.dir/home/pdsilva/.pico-sdk/sdk/2.1.0/src/common/pico_sync/mutex.c.o
 .debug_rnglists
                0x00000eb9      0x77c CMakeFiles/hello_pio.dir/home/pdsilva/.pico-sdk/sdk/2.1.0/src/common/pico_time/time.c.o
 .debug_rnglists
                0x00001635      0x2c6 CMakeFiles/hello_pio.dir/home/pdsilva/.pico-sdk/sdk/2.1.0/src/rp2_common/hardware_timer/timer.c.o
 .debug_rnglists
                0x000018fb      0x4ad CMakeFiles/hello_pio.dir/home/pdsilva/.pico-sdk/sdk/2.1.0/src/rp2_common/hardware_clocks/clocks.c.o
 .debug_rnglists
                0x00001da8       0x5c CMakeFiles/hello_pio.dir/home/pdsilva/.pico-sdk/sdk/2.1.0/src/rp2_common/hardware_pll/pll.c.o
 .debug_rnglists
                0x00001e04       0x2b CMakeFiles/hello_pio.dir/home/pdsilva/.pico-sdk/sdk/2.1.0/src/rp2_common/hardware_ticks/ticks.c.o
 .debug_rnglists
                0x00001e2f      0x10c CMakeFiles/hello_pio.dir/home/pdsilva/.pico-sdk/sdk/2.1.0/src/rp2_common/pico_bootrom/bootrom.c.o
 .debug_rnglists
                0x00001f3b       0x2b CMakeFiles/hello_pio.dir/home/pdsilva/.pico-sdk/sdk/2.1.0/src/rp2_common/hardware_xosc/xosc.c.o
 .debug_rnglists
                0x00001f66       0x3d CMakeFiles/hello_pio.dir/home/pdsilva/.pico-sdk/sdk/2.1.0/src/rp2_common/pico_runtime/runtime.c.o
 .debug_rnglists
                0x00001fa3       0x49 CMakeFiles/hello_pio.dir/home/pdsilva/.pico-sdk/sdk/2.1.0/src/rp2_common/pico_runtime_init/runtime_init.c.o
 .debug_rnglists
                0x00001fec       0x20 CMakeFiles/hello_pio.dir/home/pdsilva/.pico-sdk/sdk/2.1.0/src/rp2_common/pico_runtime_init/runtime_init_clocks.c.o
 .debug_rnglists
                0x0000200c       0x43 CMakeFiles/hello_pio.dir/home/pdsilva/.pico-sdk/sdk/2.1.0/src/rp2_common/pico_bit_ops/bit_ops_aeabi.S.o
 .debug_rnglists
                0x0000204f       0x2c CMakeFiles/hello_pio.dir/home/pdsilva/.pico-sdk/sdk/2.1.0/src/rp2_common/pico_divider/divider_hardware.S.o
 .debug_rnglists
                0x0000207b       0xed CMakeFiles/hello_pio.dir/home/pdsilva/.pico-sdk/sdk/2.1.0/src/rp2_common/pico_double/double_aeabi_rp2040.S.o
 .debug_rnglists
                0x00002168       0x14 CMakeFiles/hello_pio.dir/home/pdsilva/.pico-sdk/sdk/2.1.0/src/rp2_common/pico_double/double_init_rom_rp2040.c.o
 .debug_rnglists
                0x0000217c       0x99 CMakeFiles/hello_pio.dir/home/pdsilva/.pico-sdk/sdk/2.1.0/src/rp2_common/pico_double/double_v1_rom_shim_rp2040.S.o
 .debug_rnglists
                0x00002215       0xdf CMakeFiles/hello_pio.dir/home/pdsilva/.pico-sdk/sdk/2.1.0/src/rp2_common/pico_float/float_aeabi_rp2040.S.o
 .debug_rnglists
                0x000022f4       0x13 CMakeFiles/hello_pio.dir/home/pdsilva/.pico-sdk/sdk/2.1.0/src/rp2_common/pico_float/float_init_rom_rp2040.c.o
 .debug_rnglists
                0x00002307       0x38 CMakeFiles/hello_pio.dir/home/pdsilva/.pico-sdk/sdk/2.1.0/src/rp2_common/pico_float/float_v1_rom_shim_rp2040.S.o
 .debug_rnglists
                0x0000233f       0x25 CMakeFiles/hello_pio.dir/home/pdsilva/.pico-sdk/sdk/2.1.0/src/rp2_common/pico_mem_ops/mem_ops_aeabi.S.o
 .debug_rnglists
                0x00002364      0x27c CMakeFiles/hello_pio.dir/home/pdsilva/.pico-sdk/sdk/2.1.0/src/rp2_common/pico_printf/printf.c.o
 .debug_rnglists
                0x000025e0       0x1b CMakeFiles/hello_pio.dir/home/pdsilva/.pico-sdk/sdk/2.1.0/src/rp2_common/pico_crt0/crt0.S.o
 .debug_rnglists
                0x000025fb       0x7f CMakeFiles/hello_pio.dir/home/pdsilva/.pico-sdk/sdk/2.1.0/src/rp2_common/pico_clib_interface/newlib_interface.c.o
 .debug_rnglists
                0x0000267a      0x297 CMakeFiles/hello_pio.dir/home/pdsilva/.pico-sdk/sdk/2.1.0/src/rp2_common/pico_stdio/stdio.c.o
 .debug_rnglists
                0x00002911      0x525 CMakeFiles/hello_pio.dir/home/pdsilva/.pico-sdk/sdk/2.1.0/src/rp2_common/hardware_pio/pio.c.o

.debug_line     0x00000000    0x16e5f
 .debug_line    0x00000000      0x83a CMakeFiles/hello_pio.dir/hello.c.o
 .debug_line    0x0000083a     0x1c8d CMakeFiles/hello_pio.dir/home/pdsilva/.pico-sdk/sdk/2.1.0/src/rp2_common/hardware_gpio/gpio.c.o
 .debug_line    0x000024c7      0x284 CMakeFiles/hello_pio.dir/home/pdsilva/.pico-sdk/sdk/2.1.0/src/rp2_common/pico_platform_panic/panic.c.o
 .debug_line    0x0000274b      0x926 CMakeFiles/hello_pio.dir/home/pdsilva/.pico-sdk/sdk/2.1.0/src/common/hardware_claim/claim.c.o
 .debug_line    0x00003071      0x4ca CMakeFiles/hello_pio.dir/home/pdsilva/.pico-sdk/sdk/2.1.0/src/rp2_common/hardware_sync/sync.c.o
 .debug_line    0x0000353b      0x3b3 CMakeFiles/hello_pio.dir/home/pdsilva/.pico-sdk/sdk/2.1.0/src/rp2_common/hardware_sync_spin_lock/sync_spin_lock.c.o
 .debug_line    0x000038ee     0x170a CMakeFiles/hello_pio.dir/home/pdsilva/.pico-sdk/sdk/2.1.0/src/rp2_common/hardware_irq/irq.c.o
 .debug_line    0x00004ff8      0x2de CMakeFiles/hello_pio.dir/home/pdsilva/.pico-sdk/sdk/2.1.0/src/common/pico_sync/lock_core.c.o
 .debug_line    0x000052d6     0x1b1c CMakeFiles/hello_pio.dir/home/pdsilva/.pico-sdk/sdk/2.1.0/src/common/pico_sync/mutex.c.o
 .debug_line    0x00006df2     0x3124 CMakeFiles/hello_pio.dir/home/pdsilva/.pico-sdk/sdk/2.1.0/src/common/pico_time/time.c.o
 .debug_line    0x00009f16     0x1d27 CMakeFiles/hello_pio.dir/home/pdsilva/.pico-sdk/sdk/2.1.0/src/rp2_common/hardware_timer/timer.c.o
 .debug_line    0x0000bc3d     0x1e04 CMakeFiles/hello_pio.dir/home/pdsilva/.pico-sdk/sdk/2.1.0/src/rp2_common/hardware_clocks/clocks.c.o
 .debug_line    0x0000da41      0x4f7 CMakeFiles/hello_pio.dir/home/pdsilva/.pico-sdk/sdk/2.1.0/src/rp2_common/hardware_pll/pll.c.o
 .debug_line    0x0000df38      0x33d CMakeFiles/hello_pio.dir/home/pdsilva/.pico-sdk/sdk/2.1.0/src/rp2_common/hardware_ticks/ticks.c.o
 .debug_line    0x0000e275      0x477 CMakeFiles/hello_pio.dir/home/pdsilva/.pico-sdk/sdk/2.1.0/src/rp2_common/pico_bootrom/bootrom.c.o
 .debug_line    0x0000e6ec      0x356 CMakeFiles/hello_pio.dir/home/pdsilva/.pico-sdk/sdk/2.1.0/src/rp2_common/hardware_xosc/xosc.c.o
 .debug_line    0x0000ea42      0x313 CMakeFiles/hello_pio.dir/home/pdsilva/.pico-sdk/sdk/2.1.0/src/rp2_common/pico_runtime/runtime.c.o
 .debug_line    0x0000ed55      0x539 CMakeFiles/hello_pio.dir/home/pdsilva/.pico-sdk/sdk/2.1.0/src/rp2_common/pico_runtime_init/runtime_init.c.o